Component: ARM Compiler 5.06 update 7 (build 960) Tool: armlink [4d3601]

==============================================================================

Section Cross References

    startup_stm32f10x_md.o(RESET) refers to startup_stm32f10x_md.o(STACK) for __initial_sp
    startup_stm32f10x_md.o(RESET) refers to startup_stm32f10x_md.o(.text) for Reset_Handler
    startup_stm32f10x_md.o(RESET) refers to stm32f10x_it.o(i.NMI_Handler) for NMI_Handler
    startup_stm32f10x_md.o(RESET) refers to stm32f10x_it.o(i.HardFault_Handler) for HardFault_Handler
    startup_stm32f10x_md.o(RESET) refers to stm32f10x_it.o(i.MemManage_Handler) for MemManage_Handler
    startup_stm32f10x_md.o(RESET) refers to stm32f10x_it.o(i.BusFault_Handler) for BusFault_Handler
    startup_stm32f10x_md.o(RESET) refers to stm32f10x_it.o(i.UsageFault_Handler) for UsageFault_Handler
    startup_stm32f10x_md.o(RESET) refers to stm32f10x_it.o(i.SVC_Handler) for SVC_Handler
    startup_stm32f10x_md.o(RESET) refers to stm32f10x_it.o(i.DebugMon_Handler) for DebugMon_Handler
    startup_stm32f10x_md.o(RESET) refers to stm32f10x_it.o(i.PendSV_Handler) for PendSV_Handler
    startup_stm32f10x_md.o(RESET) refers to stm32f10x_it.o(i.SysTick_Handler) for SysTick_Handler
    startup_stm32f10x_md.o(RESET) refers to can.o(i.USB_LP_CAN1_RX0_IRQHandler) for USB_LP_CAN1_RX0_IRQHandler
    startup_stm32f10x_md.o(RESET) refers to timer.o(i.TIM2_IRQHandler) for TIM2_IRQHandler
    startup_stm32f10x_md.o(RESET) refers to timer.o(i.TIM3_IRQHandler) for TIM3_IRQHandler
    startup_stm32f10x_md.o(RESET) refers to uart.o(i.USART1_IRQHandler) for USART1_IRQHandler
    startup_stm32f10x_md.o(.text) refers to system_stm32f10x.o(i.SystemInit) for SystemInit
    startup_stm32f10x_md.o(.text) refers to entry.o(.ARM.Collect$$$$00000000) for __main
    system_stm32f10x.o(i.SetSysClock) refers to system_stm32f10x.o(i.SetSysClockTo72) for SetSysClockTo72
    system_stm32f10x.o(i.SystemCoreClockUpdate) refers to system_stm32f10x.o(.data) for SystemCoreClock
    system_stm32f10x.o(i.SystemInit) refers to system_stm32f10x.o(i.SetSysClock) for SetSysClock
    stm32f10x_adc.o(i.ADC_DeInit) refers to stm32f10x_rcc.o(i.RCC_APB2PeriphResetCmd) for RCC_APB2PeriphResetCmd
    stm32f10x_bkp.o(i.BKP_DeInit) refers to stm32f10x_rcc.o(i.RCC_BackupResetCmd) for RCC_BackupResetCmd
    stm32f10x_can.o(i.CAN_DeInit) refers to stm32f10x_rcc.o(i.RCC_APB1PeriphResetCmd) for RCC_APB1PeriphResetCmd
    stm32f10x_can.o(i.CAN_GetITStatus) refers to stm32f10x_can.o(i.CheckITStatus) for CheckITStatus
    stm32f10x_cec.o(i.CEC_DeInit) refers to stm32f10x_rcc.o(i.RCC_APB1PeriphResetCmd) for RCC_APB1PeriphResetCmd
    stm32f10x_dac.o(i.DAC_DeInit) refers to stm32f10x_rcc.o(i.RCC_APB1PeriphResetCmd) for RCC_APB1PeriphResetCmd
    stm32f10x_flash.o(i.FLASH_EnableWriteProtection) refers to stm32f10x_flash.o(i.FLASH_WaitForLastOperation) for FLASH_WaitForLastOperation
    stm32f10x_flash.o(i.FLASH_EraseAllBank1Pages) refers to stm32f10x_flash.o(i.FLASH_WaitForLastBank1Operation) for FLASH_WaitForLastBank1Operation
    stm32f10x_flash.o(i.FLASH_EraseAllPages) refers to stm32f10x_flash.o(i.FLASH_WaitForLastOperation) for FLASH_WaitForLastOperation
    stm32f10x_flash.o(i.FLASH_EraseOptionBytes) refers to stm32f10x_flash.o(i.FLASH_GetReadOutProtectionStatus) for FLASH_GetReadOutProtectionStatus
    stm32f10x_flash.o(i.FLASH_EraseOptionBytes) refers to stm32f10x_flash.o(i.FLASH_WaitForLastOperation) for FLASH_WaitForLastOperation
    stm32f10x_flash.o(i.FLASH_ErasePage) refers to stm32f10x_flash.o(i.FLASH_WaitForLastOperation) for FLASH_WaitForLastOperation
    stm32f10x_flash.o(i.FLASH_ProgramHalfWord) refers to stm32f10x_flash.o(i.FLASH_WaitForLastOperation) for FLASH_WaitForLastOperation
    stm32f10x_flash.o(i.FLASH_ProgramOptionByteData) refers to stm32f10x_flash.o(i.FLASH_WaitForLastOperation) for FLASH_WaitForLastOperation
    stm32f10x_flash.o(i.FLASH_ProgramWord) refers to stm32f10x_flash.o(i.FLASH_WaitForLastOperation) for FLASH_WaitForLastOperation
    stm32f10x_flash.o(i.FLASH_ReadOutProtection) refers to stm32f10x_flash.o(i.FLASH_WaitForLastOperation) for FLASH_WaitForLastOperation
    stm32f10x_flash.o(i.FLASH_UserOptionByteConfig) refers to stm32f10x_flash.o(i.FLASH_WaitForLastOperation) for FLASH_WaitForLastOperation
    stm32f10x_flash.o(i.FLASH_WaitForLastBank1Operation) refers to stm32f10x_flash.o(i.FLASH_GetBank1Status) for FLASH_GetBank1Status
    stm32f10x_flash.o(i.FLASH_WaitForLastOperation) refers to stm32f10x_flash.o(i.FLASH_GetBank1Status) for FLASH_GetBank1Status
    stm32f10x_gpio.o(i.GPIO_AFIODeInit) refers to stm32f10x_rcc.o(i.RCC_APB2PeriphResetCmd) for RCC_APB2PeriphResetCmd
    stm32f10x_gpio.o(i.GPIO_DeInit) refers to stm32f10x_rcc.o(i.RCC_APB2PeriphResetCmd) for RCC_APB2PeriphResetCmd
    stm32f10x_i2c.o(i.I2C_DeInit) refers to stm32f10x_rcc.o(i.RCC_APB1PeriphResetCmd) for RCC_APB1PeriphResetCmd
[...]
    stm32f10x_tim.o(i.TIM_ITRxExternalClockConfig) refers to stm32f10x_tim.o(i.TIM_SelectInputTrigger) for TIM_SelectInputTrigger
    stm32f10x_tim.o(i.TIM_PWMIConfig) refers to stm32f10x_tim.o(i.TI1_Config) for TI1_Config
    stm32f10x_tim.o(i.TIM_PWMIConfig) refers to stm32f10x_tim.o(i.TIM_SetIC1Prescaler) for TIM_SetIC1Prescaler
    stm32f10x_tim.o(i.TIM_PWMIConfig) refers to stm32f10x_tim.o(i.TI2_Config) for TI2_Config
    stm32f10x_tim.o(i.TIM_PWMIConfig) refers to stm32f10x_tim.o(i.TIM_SetIC2Prescaler) for TIM_SetIC2Prescaler
    stm32f10x_tim.o(i.TIM_TIxExternalClockConfig) refers to stm32f10x_tim.o(i.TI2_Config) for TI2_Config
    stm32f10x_tim.o(i.TIM_TIxExternalClockConfig) refers to stm32f10x_tim.o(i.TI1_Config) for TI1_Config
    stm32f10x_tim.o(i.TIM_TIxExternalClockConfig) refers to stm32f10x_tim.o(i.TIM_SelectInputTrigger) for TIM_SelectInputTrigger
    stm32f10x_usart.o(i.USART_DeInit) refers to stm32f10x_rcc.o(i.RCC_APB2PeriphResetCmd) for RCC_APB2PeriphResetCmd
    stm32f10x_usart.o(i.USART_DeInit) refers to stm32f10x_rcc.o(i.RCC_APB1PeriphResetCmd) for RCC_APB1PeriphResetCmd
    stm32f10x_usart.o(i.USART_Init) refers to stm32f10x_rcc.o(i.RCC_GetClocksFreq) for RCC_GetClocksFreq
    stm32f10x_wwdg.o(i.WWDG_DeInit) refers to stm32f10x_rcc.o(i.RCC_APB1PeriphResetCmd) for RCC_APB1PeriphResetCmd
    delay.o(i.Delay_ms) refers to delay.o(i.Delay_us) for Delay_us
    delay.o(i.Delay_s) refers to delay.o(i.Delay_ms) for Delay_ms
    timer.o(i.TIM2_IRQHandler) refers to stm32f10x_tim.o(i.TIM_GetITStatus) for TIM_GetITStatus
    timer.o(i.TIM2_IRQHandler) refers to stm32f10x_tim.o(i.TIM_ClearITPendingBit) for TIM_ClearITPendingBit
    timer.o(i.TIM2_IRQHandler) refers to timer.o(.data) for ticks
    timer.o(i.TIM3_IRQHandler) refers to stm32f10x_tim.o(i.TIM_GetITStatus) for TIM_GetITStatus
    timer.o(i.TIM3_IRQHandler) refers to stm32f10x_gpio.o(i.GPIO_ResetBits) for GPIO_ResetBits
    timer.o(i.TIM3_IRQHandler) refers to stm32f10x_gpio.o(i.GPIO_SetBits) for GPIO_SetBits
    timer.o(i.TIM3_IRQHandler) refers to stm32f10x_tim.o(i.TIM_ClearITPendingBit) for TIM_ClearITPendingBit
    timer.o(i.TIM3_IRQHandler) refers to mkspulse.o(.data) for stpStatus
    timer.o(i.Timer2_Init) refers to stm32f10x_rcc.o(i.RCC_APB1PeriphClockCmd) for RCC_APB1PeriphClockCmd
    timer.o(i.Timer2_Init) refers to stm32f10x_tim.o(i.TIM_InternalClockConfig) for TIM_InternalClockConfig
    timer.o(i.Timer2_Init) refers to stm32f10x_tim.o(i.TIM_TimeBaseInit) for TIM_TimeBaseInit
    timer.o(i.Timer2_Init) refers to stm32f10x_tim.o(i.TIM_ClearFlag) for TIM_ClearFlag
    timer.o(i.Timer2_Init) refers to stm32f10x_tim.o(i.TIM_ITConfig) for TIM_ITConfig
    timer.o(i.Timer2_Init) refers to misc.o(i.NVIC_PriorityGroupConfig) for NVIC_PriorityGroupConfig
    timer.o(i.Timer2_Init) refers to misc.o(i.NVIC_Init) for NVIC_Init
    timer.o(i.Timer2_Init) refers to stm32f10x_tim.o(i.TIM_Cmd) for TIM_Cmd
    timer.o(i.Timer3_Init) refers to stm32f10x_rcc.o(i.RCC_APB1PeriphClockCmd) for RCC_APB1PeriphClockCmd
    timer.o(i.Timer3_Init) refers to stm32f10x_tim.o(i.TIM_InternalClockConfig) for TIM_InternalClockConfig
    timer.o(i.Timer3_Init) refers to stm32f10x_tim.o(i.TIM_TimeBaseInit) for TIM_TimeBaseInit
    timer.o(i.Timer3_Init) refers to stm32f10x_tim.o(i.TIM_ClearFlag) for TIM_ClearFlag
    timer.o(i.Timer3_Init) refers to stm32f10x_tim.o(i.TIM_ITConfig) for TIM_ITConfig
    timer.o(i.Timer3_Init) refers to misc.o(i.NVIC_PriorityGroupConfig) for NVIC_PriorityGroupConfig
    timer.o(i.Timer3_Init) refers to misc.o(i.NVIC_Init) for NVIC_Init
    timer.o(i.Timer3_Init) refers to stm32f10x_tim.o(i.TIM_Cmd) for TIM_Cmd
    timer.o(i.millis) refers to timer.o(.data) for ticks
    led.o(i.LED_Init) refers to stm32f10x_rcc.o(i.RCC_APB2PeriphClockCmd) for RCC_APB2PeriphClockCmd
    led.o(i.LED_Init) refers to stm32f10x_gpio.o(i.GPIO_Init) for GPIO_Init
    led.o(i.LED_Init) refers to stm32f10x_gpio.o(i.GPIO_SetBits) for GPIO_SetBits
    led.o(i.LED_OFF) refers to stm32f10x_gpio.o(i.GPIO_SetBits) for GPIO_SetBits
    led.o(i.LED_ON) refers to stm32f10x_gpio.o(i.GPIO_ResetBits) for GPIO_ResetBits
    led.o(i.LED_Toggle) refers to stm32f10x_gpio.o(i.GPIO_ReadOutputDataBit) for GPIO_ReadOutputDataBit
    led.o(i.LED_Toggle) refers to stm32f10x_gpio.o(i.GPIO_SetBits) for GPIO_SetBits
    led.o(i.LED_Toggle) refers to stm32f10x_gpio.o(i.GPIO_ResetBits) for GPIO_ResetBits
    mkspulse.o(i.mksPulseInit) refers to stm32f10x_rcc.o(i.RCC_APB2PeriphClockCmd) for RCC_APB2PeriphClockCmd
    mkspulse.o(i.mksPulseInit) refers to stm32f10x_gpio.o(i.GPIO_Init) for GPIO_Init
    mkspulse.o(i.mksPulseInit) refers to stm32f10x_gpio.o(i.GPIO_SetBits) for GPIO_SetBits
    mkspulse.o(i.mksPulseInit) refers to stm32f10x_gpio.o(i.GPIO_ResetBits) for GPIO_ResetBits
    mkspulse.o(i.mksPulseInit) refers to timer.o(i.Timer3_Init) for Timer3_Init
    mkspulse.o(i.mksPulseRun) refers to stm32f10x_gpio.o(i.GPIO_ResetBits) for GPIO_ResetBits
    mkspulse.o(i.mksPulseRun) refers to stm32f10x_gpio.o(i.GPIO_SetBits) for GPIO_SetBits
    mkspulse.o(i.mksPulseRun) refers to stm32f10x_tim.o(i.TIM_Cmd) for TIM_Cmd
    can.o(i.CAN_INIT) refers to stm32f10x_rcc.o(i.RCC_APB2PeriphClockCmd) for RCC_APB2PeriphClockCmd
    can.o(i.CAN_INIT) refers to stm32f10x_rcc.o(i.RCC_APB1PeriphClockCmd) for RCC_APB1PeriphClockCmd
    can.o(i.CAN_INIT) refers to stm32f10x_gpio.o(i.GPIO_Init) for GPIO_Init
    can.o(i.CAN_INIT) refers to stm32f10x_gpio.o(i.GPIO_PinRemapConfig) for GPIO_PinRemapConfig
    can.o(i.CAN_INIT) refers to stm32f10x_can.o(i.CAN_StructInit) for CAN_StructInit
    can.o(i.CAN_INIT) refers to stm32f10x_can.o(i.CAN_Init) for CAN_Init
    can.o(i.CAN_INIT) refers to stm32f10x_can.o(i.CAN_FilterInit) for CAN_FilterInit
    can.o(i.CAN_INIT) refers to stm32f10x_can.o(i.CAN_ITConfig) for CAN_ITConfig
    can.o(i.CanTransfer) refers to memcpya.o(.text) for __aeabi_memcpy
    can.o(i.CanTransfer) refers to can.o(i.canCRC_ATM) for canCRC_ATM
    can.o(i.CanTransfer) refers to stm32f10x_can.o(i.CAN_Transmit) for CAN_Transmit
    can.o(i.CanTransfer) refers to can.o(.data) for CAN_ID
    can.o(i.CanTransfer) refers to can.o(.bss) for CanTxBuf
    can.o(i.USB_LP_CAN1_RX0_IRQHandler) refers to stm32f10x_can.o(i.CAN_Receive) for CAN_Receive
    can.o(i.USB_LP_CAN1_RX0_IRQHandler) refers to stm32f10x_can.o(i.CAN_ClearITPendingBit) for CAN_ClearITPendingBit
    can.o(i.USB_LP_CAN1_RX0_IRQHandler) refers to can.o(.bss) for CanRxBuf
    can.o(i.USB_LP_CAN1_RX0_IRQHandler) refers to can.o(.data) for CAN_RxDone
    can.o(i.canCRC_ATM) refers to can.o(.data) for CAN_ID
    main_communication_test.o(i.GroupedRun) refers to main_communication_test.o(i.sendCommand) for sendCommand
    main_communication_test.o(i.GroupedRun) refers to main_communication_test.o(i.runFail) for runFail
    main_communication_test.o(i.GroupedRun) refers to main_communication_test.o(i.waitingForACK) for waitingForACK
    main_communication_test.o(i.GroupedRun) refers to main_communication_test.o(.data) for motorAngles
    main_communication_test.o(i.NVIC_INIT) refers to misc.o(i.NVIC_PriorityGroupConfig) for NVIC_PriorityGroupConfig
    main_communication_test.o(i.NVIC_INIT) refers to misc.o(i.NVIC_Init) for NVIC_Init
    main_communication_test.o(i.ParseAndRun) refers to _scanf_int.o(.text) for _scanf_int
    main_communication_test.o(i.ParseAndRun) refers to __0sscanf.o(.text) for __0sscanf
    main_communication_test.o(i.ParseAndRun) refers to main_communication_test.o(i.GroupedRun) for GroupedRun
    main_communication_test.o(i.ParseAndRun) refers to uart.o(i.UART_SendString) for UART_SendString
    main_communication_test.o(i.ParseAndRun) refers to uart.o(.bss) for uartBuffer
    main_communication_test.o(i.ParseAndRun) refers to main_communication_test.o(.data) for motorAddrs
    main_communication_test.o(i.main) refers to main_communication_test.o(i.NVIC_INIT) for NVIC_INIT
    main_communication_test.o(i.main) refers to led.o(i.LED_Init) for LED_Init
    main_communication_test.o(i.main) refers to timer.o(i.Timer2_Init) for Timer2_Init
    main_communication_test.o(i.main) refers to can.o(i.CAN_INIT) for CAN_INIT
    main_communication_test.o(i.main) refers to uart.o(i.UART_Init) for UART_Init
    main_communication_test.o(i.main) refers to delay.o(i.Delay_ms) for Delay_ms
    main_communication_test.o(i.main) refers to led.o(i.LED_Toggle) for LED_Toggle
    main_communication_test.o(i.main) refers to main_communication_test.o(i.ParseAndRun) for ParseAndRun
    main_communication_test.o(i.main) refers to uart.o(.data) for uartBufferIndex
    main_communication_test.o(i.main) refers to uart.o(.bss) for uartBuffer
    main_communication_test.o(i.runFail) refers to led.o(i.LED_ON) for LED_ON
    main_communication_test.o(i.runFail) refers to delay.o(i.Delay_ms) for Delay_ms
    main_communication_test.o(i.runFail) refers to led.o(i.LED_OFF) for LED_OFF
    main_communication_test.o(i.sendCommand) refers to can.o(i.CanTransfer) for CanTransfer
    main_communication_test.o(i.sendCommand) refers to can.o(.data) for CAN_ID
    main_communication_test.o(i.sendCommand) refers to main_communication_test.o(.data) for txBuffer
    main_communication_test.o(i.waitingForACK) refers to timer.o(i.millis) for millis
    main_communication_test.o(i.waitingForACK) refers to can.o(i.canCRC_ATM) for canCRC_ATM
    main_communication_test.o(i.waitingForACK) refers to can.o(.data) for CAN_RxDone
    main_communication_test.o(i.waitingForACK) refers to can.o(.bss) for CanRxBuf
    main_communication_test.o(i.waitingForPositionACK) refers to timer.o(i.millis) for millis
    main_communication_test.o(i.waitingForPositionACK) refers to can.o(i.canCRC_ATM) for canCRC_ATM
    main_communication_test.o(i.waitingForPositionACK) refers to can.o(.data) for CAN_RxDone
    main_communication_test.o(i.waitingForPositionACK) refers to can.o(.bss) for CanRxBuf
    uart.o(i.UART_Init) refers to stm32f10x_rcc.o(i.RCC_APB2PeriphClockCmd) for RCC_APB2PeriphClockCmd
    uart.o(i.UART_Init) refers to stm32f10x_gpio.o(i.GPIO_Init) for GPIO_Init
    uart.o(i.UART_Init) refers to stm32f10x_usart.o(i.USART_Init) for USART_Init
    uart.o(i.UART_Init) refers to stm32f10x_usart.o(i.USART_Cmd) for USART_Cmd
    uart.o(i.UART_Init) refers to stm32f10x_usart.o(i.USART_ITConfig) for USART_ITConfig
    uart.o(i.UART_Init) refers to misc.o(i.NVIC_Init) for NVIC_Init
    uart.o(i.UART_ReceiveByte) refers to stm32f10x_usart.o(i.USART_GetFlagStatus) for USART_GetFlagStatus
    uart.o(i.UART_ReceiveByte) refers to stm32f10x_usart.o(i.USART_ReceiveData) for USART_ReceiveData
    uart.o(i.UART_SendByte) refers to stm32f10x_usart.o(i.USART_GetFlagStatus) for USART_GetFlagStatus
    uart.o(i.UART_SendByte) refers to stm32f10x_usart.o(i.USART_SendData) for USART_SendData
    uart.o(i.UART_SendString) refers to uart.o(i.UART_SendByte) for UART_SendByte
    uart.o(i.USART1_IRQHandler) refers to stm32f10x_usart.o(i.USART_GetITStatus) for USART_GetITStatus
    uart.o(i.USART1_IRQHandler) refers to stm32f10x_usart.o(i.USART_ReceiveData) for USART_ReceiveData
    uart.o(i.USART1_IRQHandler) refers to uart.o(.data) for uartBufferIndex
    uart.o(i.USART1_IRQHandler) refers to uart.o(.bss) for uartBuffer
    entry.o(.ARM.Collect$$$$00000000) refers (Special) to entry10a.o(.ARM.Collect$$$$0000000F) for __rt_final_cpp
    entry.o(.ARM.Collect$$$$00000000) refers (Special) to entry11a.o(.ARM.Collect$$$$00000011) for __rt_final_exit
    entry.o(.ARM.Collect$$$$00000000) refers (Special) to entry12b.o(.ARM.Collect$$$$0000000E) for __rt_lib_shutdown_fini
    entry.o(.ARM.Collect$$$$00000000) refers (Special) to entry7b.o(.ARM.Collect$$$$00000008) for _main_clock
    entry.o(.ARM.Collect$$$$00000000) refers (Special) to entry8b.o(.ARM.Collect$$$$0000000A) for _main_cpp_init
    entry.o(.ARM.Collect$$$$00000000) refers (Special) to entry9a.o(.ARM.Collect$$$$0000000B) for _main_init
    entry.o(.ARM.Collect$$$$00000000) refers (Special) to entry5.o(.ARM.Collect$$$$00000004) for _main_scatterload
    entry.o(.ARM.Collect$$$$00000000) refers (Special) to entry2.o(.ARM.Collect$$$$00000001) for _main_stk
    __0sscanf.o(.text) refers to scanf_char.o(.text) for __vfscanf_char
    __0sscanf.o(.text) refers to _sgetc.o(.text) for _sgetc
    _scanf_int.o(.text) refers to _chval.o(.text) for _chval
    entry2.o(.ARM.Collect$$$$00000001) refers to entry2.o(.ARM.Collect$$$$00002712) for __lit__00000000
    entry2.o(.ARM.Collect$$$$00002712) refers to startup_stm32f10x_md.o(STACK) for __initial_sp
    entry2.o(__vectab_stack_and_reset_area) refers to startup_stm32f10x_md.o(STACK) for __initial_sp
    entry2.o(__vectab_stack_and_reset_area) refers to entry.o(.ARM.Collect$$$$00000000) for __main
    entry5.o(.ARM.Collect$$$$00000004) refers to init.o(.text) for __scatterload
    entry9a.o(.ARM.Collect$$$$0000000B) refers to main_communication_test.o(i.main) for main
    entry9b.o(.ARM.Collect$$$$0000000C) refers to main_communication_test.o(i.main) for main
    scanf_char.o(.text) refers to _scanf.o(.text) for __vfscanf
    scanf_char.o(.text) refers to isspace_c.o(.text) for isspace
    init.o(.text) refers to entry5.o(.ARM.Collect$$$$00000004) for __main_after_scatterload
    isspace_c.o(.text) refers to ctype_c.o(.text) for __ctype_lookup
    _scanf.o(.text) refers (Weak) to _scanf_int.o(.text) for _scanf_int
    ctype_c.o(.text) refers to ctype_c.o(.constdata) for .constdata


==============================================================================

Removing Unused input sections from the image.

    Removing startup_stm32f10x_md.o(HEAP), (512 bytes).
    Removing core_cm3.o(.emb_text), (32 bytes).
    Removing system_stm32f10x.o(i.SystemCoreClockUpdate), (164 bytes).
    Removing system_stm32f10x.o(.data), (20 bytes).
    Removing misc.o(i.NVIC_SetVectorTable), (20 bytes).
    Removing misc.o(i.NVIC_SystemLPConfig), (32 bytes).
    Removing misc.o(i.SysTick_CLKSourceConfig), (40 bytes).
    Removing stm32f10x_adc.o(i.ADC_AnalogWatchdogCmd), (20 bytes).
    Removing stm32f10x_adc.o(i.ADC_AnalogWatchdogSingleChannelConfig), (16 bytes).
    Removing stm32f10x_adc.o(i.ADC_AnalogWatchdogThresholdsConfig), (6 bytes).
    Removing stm32f10x_adc.o(i.ADC_AutoInjectedConvCmd), (22 bytes).
    Removing stm32f10x_adc.o(i.ADC_ClearFlag), (6 bytes).
    Removing stm32f10x_adc.o(i.ADC_ClearITPendingBit), (10 bytes).
    Removing stm32f10x_adc.o(i.ADC_Cmd), (22 bytes).
    Removing stm32f10x_adc.o(i.ADC_DMACmd), (22 bytes).
    Removing stm32f10x_adc.o(i.ADC_DeInit), (92 bytes).
    Removing stm32f10x_adc.o(i.ADC_DiscModeChannelCountConfig), (24 bytes).
    Removing stm32f10x_adc.o(i.ADC_DiscModeCmd), (22 bytes).
    Removing stm32f10x_adc.o(i.ADC_ExternalTrigConvCmd), (22 bytes).
    Removing stm32f10x_adc.o(i.ADC_ExternalTrigInjectedConvCmd), (22 bytes).
    Removing stm32f10x_adc.o(i.ADC_ExternalTrigInjectedConvConfig), (16 bytes).
    Removing stm32f10x_adc.o(i.ADC_GetCalibrationStatus), (20 bytes).
    Removing stm32f10x_adc.o(i.ADC_GetConversionValue), (8 bytes).
    Removing stm32f10x_adc.o(i.ADC_GetDualModeConversionValue), (12 bytes).
    Removing stm32f10x_adc.o(i.ADC_GetFlagStatus), (18 bytes).
    Removing stm32f10x_adc.o(i.ADC_GetITStatus), (36 bytes).
    Removing stm32f10x_adc.o(i.ADC_GetInjectedConversionValue), (28 bytes).
    Removing stm32f10x_adc.o(i.ADC_GetResetCalibrationStatus), (20 bytes).
    Removing stm32f10x_adc.o(i.ADC_GetSoftwareStartConvStatus), (20 bytes).
    Removing stm32f10x_adc.o(i.ADC_GetSoftwareStartInjectedConvCmdStatus), (20 bytes).
    Removing stm32f10x_adc.o(i.ADC_ITConfig), (24 bytes).
    Removing stm32f10x_adc.o(i.ADC_Init), (80 bytes).
    Removing stm32f10x_adc.o(i.ADC_InjectedChannelConfig), (130 bytes).
    Removing stm32f10x_adc.o(i.ADC_InjectedDiscModeCmd), (22 bytes).
    Removing stm32f10x_adc.o(i.ADC_InjectedSequencerLengthConfig), (24 bytes).
    Removing stm32f10x_adc.o(i.ADC_RegularChannelConfig), (184 bytes).
    Removing stm32f10x_adc.o(i.ADC_ResetCalibration), (10 bytes).
    Removing stm32f10x_adc.o(i.ADC_SetInjectedOffset), (20 bytes).
    Removing stm32f10x_adc.o(i.ADC_SoftwareStartConvCmd), (22 bytes).
    Removing stm32f10x_adc.o(i.ADC_SoftwareStartInjectedConvCmd), (22 bytes).
    Removing stm32f10x_adc.o(i.ADC_StartCalibration), (10 bytes).
    Removing stm32f10x_adc.o(i.ADC_StructInit), (18 bytes).
    Removing stm32f10x_adc.o(i.ADC_TempSensorVrefintCmd), (36 bytes).
    Removing stm32f10x_bkp.o(i.BKP_ClearFlag), (20 bytes).
    Removing stm32f10x_bkp.o(i.BKP_ClearITPendingBit), (20 bytes).
    Removing stm32f10x_bkp.o(i.BKP_DeInit), (16 bytes).
    Removing stm32f10x_bkp.o(i.BKP_GetFlagStatus), (12 bytes).
    Removing stm32f10x_bkp.o(i.BKP_GetITStatus), (12 bytes).
    Removing stm32f10x_bkp.o(i.BKP_ITConfig), (12 bytes).
    Removing stm32f10x_bkp.o(i.BKP_RTCOutputConfig), (28 bytes).
    Removing stm32f10x_bkp.o(i.BKP_ReadBackupRegister), (28 bytes).
    Removing stm32f10x_bkp.o(i.BKP_SetRTCCalibrationValue), (28 bytes).
    Removing stm32f10x_bkp.o(i.BKP_TamperPinCmd), (12 bytes).
    Removing stm32f10x_bkp.o(i.BKP_TamperPinLevelConfig), (12 bytes).
    Removing stm32f10x_bkp.o(i.BKP_WriteBackupRegister), (28 bytes).
    Removing stm32f10x_can.o(i.CAN_CancelTransmit), (48 bytes).
    Removing stm32f10x_can.o(i.CAN_ClearFlag), (56 bytes).
    Removing stm32f10x_can.o(i.CAN_DBGFreeze), (22 bytes).
    Removing stm32f10x_can.o(i.CAN_DeInit), (56 bytes).
    Removing stm32f10x_can.o(i.CAN_FIFORelease), (22 bytes).
    Removing stm32f10x_can.o(i.CAN_GetFlagStatus), (120 bytes).
    Removing stm32f10x_can.o(i.CAN_GetITStatus), (288 bytes).
    Removing stm32f10x_can.o(i.CAN_GetLSBTransmitErrorCounter), (12 bytes).
    Removing stm32f10x_can.o(i.CAN_GetLastErrorCode), (12 bytes).
    Removing stm32f10x_can.o(i.CAN_GetReceiveErrorCounter), (10 bytes).
    Removing stm32f10x_can.o(i.CAN_MessagePending), (30 bytes).
    Removing stm32f10x_can.o(i.CAN_OperatingModeRequest), (162 bytes).
    Removing stm32f10x_can.o(i.CAN_SlaveStartBank), (52 bytes).
    Removing stm32f10x_can.o(i.CAN_Sleep), (30 bytes).
    Removing stm32f10x_can.o(i.CAN_TTComModeCmd), (118 bytes).
    Removing stm32f10x_can.o(i.CAN_TransmitStatus), (160 bytes).
    Removing stm32f10x_can.o(i.CAN_WakeUp), (48 bytes).
    Removing stm32f10x_can.o(i.CheckITStatus), (18 bytes).
    Removing stm32f10x_cec.o(i.CEC_ClearFlag), (36 bytes).
    Removing stm32f10x_cec.o(i.CEC_ClearITPendingBit), (36 bytes).
    Removing stm32f10x_cec.o(i.CEC_Cmd), (32 bytes).
    Removing stm32f10x_cec.o(i.CEC_DeInit), (22 bytes).
    Removing stm32f10x_cec.o(i.CEC_EndOfMessageCmd), (12 bytes).
    Removing stm32f10x_cec.o(i.CEC_GetFlagStatus), (48 bytes).
    Removing stm32f10x_cec.o(i.CEC_GetITStatus), (40 bytes).
    Removing stm32f10x_cec.o(i.CEC_ITConfig), (12 bytes).
    Removing stm32f10x_cec.o(i.CEC_Init), (32 bytes).
    Removing stm32f10x_cec.o(i.CEC_OwnAddressConfig), (12 bytes).
    Removing stm32f10x_cec.o(i.CEC_ReceiveDataByte), (12 bytes).
    Removing stm32f10x_cec.o(i.CEC_SendDataByte), (12 bytes).
    Removing stm32f10x_cec.o(i.CEC_SetPrescaler), (12 bytes).
    Removing stm32f10x_cec.o(i.CEC_StartOfMessage), (12 bytes).
    Removing stm32f10x_crc.o(i.CRC_CalcBlockCRC), (36 bytes).
    Removing stm32f10x_crc.o(i.CRC_CalcCRC), (16 bytes).
    Removing stm32f10x_crc.o(i.CRC_GetCRC), (12 bytes).
    Removing stm32f10x_crc.o(i.CRC_GetIDRegister), (12 bytes).
    Removing stm32f10x_crc.o(i.CRC_ResetDR), (12 bytes).
    Removing stm32f10x_crc.o(i.CRC_SetIDRegister), (12 bytes).
    Removing stm32f10x_dac.o(i.DAC_Cmd), (40 bytes).
    Removing stm32f10x_dac.o(i.DAC_DMACmd), (44 bytes).
    Removing stm32f10x_dac.o(i.DAC_DeInit), (22 bytes).
    Removing stm32f10x_dac.o(i.DAC_DualSoftwareTriggerCmd), (36 bytes).
    Removing stm32f10x_dac.o(i.DAC_GetDataOutputValue), (36 bytes).
    Removing stm32f10x_dac.o(i.DAC_Init), (52 bytes).
    Removing stm32f10x_dac.o(i.DAC_SetChannel1Data), (32 bytes).
    Removing stm32f10x_dac.o(i.DAC_SetChannel2Data), (32 bytes).
    Removing stm32f10x_dac.o(i.DAC_SetDualChannelData), (36 bytes).
    Removing stm32f10x_dac.o(i.DAC_SoftwareTriggerCmd), (44 bytes).
    Removing stm32f10x_dac.o(i.DAC_StructInit), (12 bytes).
    Removing stm32f10x_dac.o(i.DAC_WaveGenerationCmd), (40 bytes).
    Removing stm32f10x_dbgmcu.o(i.DBGMCU_Config), (32 bytes).
    Removing stm32f10x_dbgmcu.o(i.DBGMCU_GetDEVID), (16 bytes).
    Removing stm32f10x_dbgmcu.o(i.DBGMCU_GetREVID), (12 bytes).
    Removing stm32f10x_dma.o(i.DMA_ClearFlag), (28 bytes).
    Removing stm32f10x_dma.o(i.DMA_ClearITPendingBit), (28 bytes).
    Removing stm32f10x_dma.o(i.DMA_Cmd), (24 bytes).
    Removing stm32f10x_dma.o(i.DMA_DeInit), (332 bytes).
    Removing stm32f10x_dma.o(i.DMA_GetCurrDataCounter), (8 bytes).
    Removing stm32f10x_dma.o(i.DMA_GetFlagStatus), (44 bytes).
    Removing stm32f10x_dma.o(i.DMA_GetITStatus), (44 bytes).
    Removing stm32f10x_dma.o(i.DMA_ITConfig), (18 bytes).
    Removing stm32f10x_dma.o(i.DMA_Init), (60 bytes).
    Removing stm32f10x_dma.o(i.DMA_SetCurrDataCounter), (4 bytes).
    Removing stm32f10x_dma.o(i.DMA_StructInit), (26 bytes).
    Removing stm32f10x_exti.o(i.EXTI_ClearFlag), (12 bytes).
    Removing stm32f10x_exti.o(i.EXTI_ClearITPendingBit), (12 bytes).
    Removing stm32f10x_exti.o(i.EXTI_DeInit), (36 bytes).
    Removing stm32f10x_exti.o(i.EXTI_GenerateSWInterrupt), (16 bytes).
    Removing stm32f10x_exti.o(i.EXTI_GetFlagStatus), (24 bytes).
    Removing stm32f10x_exti.o(i.EXTI_GetITStatus), (40 bytes).
    Removing stm32f10x_exti.o(i.EXTI_Init), (148 bytes).
    Removing stm32f10x_exti.o(i.EXTI_StructInit), (16 bytes).
    Removing stm32f10x_flash.o(i.FLASH_ClearFlag), (12 bytes).
    Removing stm32f10x_flash.o(i.FLASH_EnableWriteProtection), (196 bytes).
    Removing stm32f10x_flash.o(i.FLASH_EraseAllBank1Pages), (72 bytes).
    Removing stm32f10x_flash.o(i.FLASH_EraseAllPages), (72 bytes).
    Removing stm32f10x_flash.o(i.FLASH_EraseOptionBytes), (168 bytes).
    Removing stm32f10x_flash.o(i.FLASH_ErasePage), (76 bytes).
    Removing stm32f10x_flash.o(i.FLASH_GetBank1Status), (52 bytes).
    Removing stm32f10x_flash.o(i.FLASH_GetFlagStatus), (48 bytes).
    Removing stm32f10x_flash.o(i.FLASH_GetPrefetchBufferStatus), (24 bytes).
    Removing stm32f10x_flash.o(i.FLASH_GetReadOutProtectionStatus), (24 bytes).
    Removing stm32f10x_flash.o(i.FLASH_GetStatus), (52 bytes).
    Removing stm32f10x_flash.o(i.FLASH_GetUserOptionByte), (12 bytes).
    Removing stm32f10x_flash.o(i.FLASH_GetWriteProtectionOptionByte), (12 bytes).
    Removing stm32f10x_flash.o(i.FLASH_HalfCycleAccessCmd), (28 bytes).
    Removing stm32f10x_flash.o(i.FLASH_ITConfig), (32 bytes).
    Removing stm32f10x_flash.o(i.FLASH_Lock), (20 bytes).
    Removing stm32f10x_flash.o(i.FLASH_LockBank1), (20 bytes).
    Removing stm32f10x_flash.o(i.FLASH_PrefetchBufferCmd), (28 bytes).
    Removing stm32f10x_flash.o(i.FLASH_ProgramHalfWord), (64 bytes).
    Removing stm32f10x_flash.o(i.FLASH_ProgramOptionByteData), (84 bytes).
    Removing stm32f10x_flash.o(i.FLASH_ProgramWord), (108 bytes).
    Removing stm32f10x_flash.o(i.FLASH_ReadOutProtection), (172 bytes).
    Removing stm32f10x_flash.o(i.FLASH_SetLatency), (24 bytes).
    Removing stm32f10x_flash.o(i.FLASH_Unlock), (24 bytes).
    Removing stm32f10x_flash.o(i.FLASH_UnlockBank1), (24 bytes).
    Removing stm32f10x_flash.o(i.FLASH_UserOptionByteConfig), (104 bytes).
    Removing stm32f10x_flash.o(i.FLASH_WaitForLastBank1Operation), (38 bytes).
    Removing stm32f10x_flash.o(i.FLASH_WaitForLastOperation), (38 bytes).
    Removing stm32f10x_fsmc.o(i.FSMC_ClearFlag), (64 bytes).
    Removing stm32f10x_fsmc.o(i.FSMC_ClearITPendingBit), (72 bytes).
    Removing stm32f10x_fsmc.o(i.FSMC_GetECC), (28 bytes).
    Removing stm32f10x_fsmc.o(i.FSMC_GetFlagStatus), (56 bytes).
    Removing stm32f10x_fsmc.o(i.FSMC_GetITStatus), (68 bytes).
    Removing stm32f10x_fsmc.o(i.FSMC_ITConfig), (128 bytes).
    Removing stm32f10x_fsmc.o(i.FSMC_NANDCmd), (92 bytes).
    Removing stm32f10x_fsmc.o(i.FSMC_NANDDeInit), (68 bytes).
    Removing stm32f10x_fsmc.o(i.FSMC_NANDECCCmd), (92 bytes).
    Removing stm32f10x_fsmc.o(i.FSMC_NANDInit), (136 bytes).
    Removing stm32f10x_fsmc.o(i.FSMC_NANDStructInit), (54 bytes).
    Removing stm32f10x_fsmc.o(i.FSMC_NORSRAMCmd), (52 bytes).
    Removing stm32f10x_fsmc.o(i.FSMC_NORSRAMDeInit), (54 bytes).
    Removing stm32f10x_fsmc.o(i.FSMC_NORSRAMInit), (230 bytes).
    Removing stm32f10x_fsmc.o(i.FSMC_NORSRAMStructInit), (114 bytes).
    Removing stm32f10x_fsmc.o(i.FSMC_PCCARDCmd), (48 bytes).
    Removing stm32f10x_fsmc.o(i.FSMC_PCCARDDeInit), (40 bytes).
    Removing stm32f10x_fsmc.o(i.FSMC_PCCARDInit), (132 bytes).
    Removing stm32f10x_fsmc.o(i.FSMC_PCCARDStructInit), (60 bytes).
    Removing stm32f10x_gpio.o(i.GPIO_AFIODeInit), (20 bytes).
    Removing stm32f10x_gpio.o(i.GPIO_DeInit), (200 bytes).
    Removing stm32f10x_gpio.o(i.GPIO_ETH_MediaInterfaceConfig), (12 bytes).
    Removing stm32f10x_gpio.o(i.GPIO_EXTILineConfig), (64 bytes).
    Removing stm32f10x_gpio.o(i.GPIO_EventOutputCmd), (12 bytes).
    Removing stm32f10x_gpio.o(i.GPIO_EventOutputConfig), (32 bytes).
    Removing stm32f10x_gpio.o(i.GPIO_PinLockConfig), (18 bytes).
    Removing stm32f10x_gpio.o(i.GPIO_ReadInputData), (8 bytes).
    Removing stm32f10x_gpio.o(i.GPIO_ReadInputDataBit), (18 bytes).
    Removing stm32f10x_gpio.o(i.GPIO_ReadOutputData), (8 bytes).
    Removing stm32f10x_gpio.o(i.GPIO_StructInit), (16 bytes).
    Removing stm32f10x_gpio.o(i.GPIO_Write), (4 bytes).
    Removing stm32f10x_gpio.o(i.GPIO_WriteBit), (10 bytes).
    Removing stm32f10x_i2c.o(i.I2C_ARPCmd), (24 bytes).
    Removing stm32f10x_i2c.o(i.I2C_AcknowledgeConfig), (24 bytes).
    Removing stm32f10x_i2c.o(i.I2C_CalculatePEC), (24 bytes).
    Removing stm32f10x_i2c.o(i.I2C_CheckEvent), (42 bytes).
    Removing stm32f10x_i2c.o(i.I2C_ClearFlag), (12 bytes).
    Removing stm32f10x_i2c.o(i.I2C_ClearITPendingBit), (12 bytes).
    Removing stm32f10x_i2c.o(i.I2C_Cmd), (24 bytes).
    Removing stm32f10x_i2c.o(i.I2C_DMACmd), (24 bytes).
    Removing stm32f10x_i2c.o(i.I2C_DMALastTransferCmd), (24 bytes).
    Removing stm32f10x_i2c.o(i.I2C_DeInit), (56 bytes).
    Removing stm32f10x_i2c.o(i.I2C_DualAddressCmd), (24 bytes).
    Removing stm32f10x_i2c.o(i.I2C_FastModeDutyCycleConfig), (28 bytes).
    Removing stm32f10x_i2c.o(i.I2C_GeneralCallCmd), (24 bytes).
    Removing stm32f10x_i2c.o(i.I2C_GenerateSTART), (24 bytes).
    Removing stm32f10x_i2c.o(i.I2C_GenerateSTOP), (24 bytes).
    Removing stm32f10x_i2c.o(i.I2C_GetFlagStatus), (58 bytes).
    Removing stm32f10x_i2c.o(i.I2C_GetITStatus), (38 bytes).
    Removing stm32f10x_i2c.o(i.I2C_GetLastEvent), (26 bytes).
    Removing stm32f10x_i2c.o(i.I2C_GetPEC), (8 bytes).
    Removing stm32f10x_i2c.o(i.I2C_ITConfig), (18 bytes).
    Removing stm32f10x_i2c.o(i.I2C_Init), (236 bytes).
    Removing stm32f10x_i2c.o(i.I2C_NACKPositionConfig), (28 bytes).
    Removing stm32f10x_i2c.o(i.I2C_OwnAddress2Config), (22 bytes).
    Removing stm32f10x_i2c.o(i.I2C_PECPositionConfig), (28 bytes).
    Removing stm32f10x_i2c.o(i.I2C_ReadRegister), (22 bytes).
    Removing stm32f10x_i2c.o(i.I2C_ReceiveData), (8 bytes).
    Removing stm32f10x_i2c.o(i.I2C_SMBusAlertConfig), (28 bytes).
    Removing stm32f10x_i2c.o(i.I2C_Send7bitAddress), (18 bytes).
    Removing stm32f10x_i2c.o(i.I2C_SendData), (4 bytes).
    Removing stm32f10x_i2c.o(i.I2C_SoftwareResetCmd), (22 bytes).
    Removing stm32f10x_i2c.o(i.I2C_StretchClockCmd), (24 bytes).
    Removing stm32f10x_i2c.o(i.I2C_StructInit), (30 bytes).
    Removing stm32f10x_i2c.o(i.I2C_TransmitPEC), (24 bytes).
    Removing stm32f10x_iwdg.o(i.IWDG_Enable), (16 bytes).
    Removing stm32f10x_iwdg.o(i.IWDG_GetFlagStatus), (24 bytes).
    Removing stm32f10x_iwdg.o(i.IWDG_ReloadCounter), (16 bytes).
    Removing stm32f10x_iwdg.o(i.IWDG_SetPrescaler), (12 bytes).
    Removing stm32f10x_iwdg.o(i.IWDG_SetReload), (12 bytes).
    Removing stm32f10x_iwdg.o(i.IWDG_WriteAccessCmd), (12 bytes).
    Removing stm32f10x_pwr.o(i.PWR_BackupAccessCmd), (12 bytes).
    Removing stm32f10x_pwr.o(i.PWR_ClearFlag), (20 bytes).
    Removing stm32f10x_pwr.o(i.PWR_DeInit), (22 bytes).
    Removing stm32f10x_pwr.o(i.PWR_EnterSTANDBYMode), (52 bytes).
    Removing stm32f10x_pwr.o(i.PWR_EnterSTOPMode), (64 bytes).
    Removing stm32f10x_pwr.o(i.PWR_GetFlagStatus), (24 bytes).
    Removing stm32f10x_pwr.o(i.PWR_PVDCmd), (12 bytes).
    Removing stm32f10x_pwr.o(i.PWR_PVDLevelConfig), (24 bytes).
    Removing stm32f10x_pwr.o(i.PWR_WakeUpPinCmd), (12 bytes).
    Removing stm32f10x_rcc.o(i.RCC_ADCCLKConfig), (24 bytes).
    Removing stm32f10x_rcc.o(i.RCC_AHBPeriphClockCmd), (32 bytes).
    Removing stm32f10x_rcc.o(i.RCC_APB1PeriphResetCmd), (32 bytes).
    Removing stm32f10x_rcc.o(i.RCC_APB2PeriphResetCmd), (32 bytes).
    Removing stm32f10x_rcc.o(i.RCC_AdjustHSICalibrationValue), (24 bytes).
    Removing stm32f10x_rcc.o(i.RCC_BackupResetCmd), (12 bytes).
    Removing stm32f10x_rcc.o(i.RCC_ClearFlag), (20 bytes).
    Removing stm32f10x_rcc.o(i.RCC_ClearITPendingBit), (12 bytes).
    Removing stm32f10x_rcc.o(i.RCC_ClockSecuritySystemCmd), (12 bytes).
    Removing stm32f10x_rcc.o(i.RCC_DeInit), (76 bytes).
    Removing stm32f10x_rcc.o(i.RCC_GetFlagStatus), (60 bytes).
    Removing stm32f10x_rcc.o(i.RCC_GetITStatus), (24 bytes).
    Removing stm32f10x_rcc.o(i.RCC_GetSYSCLKSource), (16 bytes).
    Removing stm32f10x_rcc.o(i.RCC_HCLKConfig), (24 bytes).
    Removing stm32f10x_rcc.o(i.RCC_HSEConfig), (76 bytes).
    Removing stm32f10x_rcc.o(i.RCC_HSICmd), (12 bytes).
    Removing stm32f10x_rcc.o(i.RCC_ITConfig), (32 bytes).
    Removing stm32f10x_rcc.o(i.RCC_LSEConfig), (52 bytes).
    Removing stm32f10x_rcc.o(i.RCC_LSICmd), (12 bytes).
    Removing stm32f10x_rcc.o(i.RCC_MCOConfig), (12 bytes).
    Removing stm32f10x_rcc.o(i.RCC_PCLK1Config), (24 bytes).
    Removing stm32f10x_rcc.o(i.RCC_PCLK2Config), (24 bytes).
    Removing stm32f10x_rcc.o(i.RCC_PLLCmd), (12 bytes).
    Removing stm32f10x_rcc.o(i.RCC_PLLConfig), (28 bytes).
    Removing stm32f10x_rcc.o(i.RCC_RTCCLKCmd), (12 bytes).
    Removing stm32f10x_rcc.o(i.RCC_RTCCLKConfig), (16 bytes).
    Removing stm32f10x_rcc.o(i.RCC_SYSCLKConfig), (24 bytes).
    Removing stm32f10x_rcc.o(i.RCC_USBCLKConfig), (12 bytes).
    Removing stm32f10x_rcc.o(i.RCC_WaitForHSEStartUp), (56 bytes).
    Removing stm32f10x_rtc.o(i.RTC_ClearFlag), (16 bytes).
    Removing stm32f10x_rtc.o(i.RTC_ClearITPendingBit), (16 bytes).
    Removing stm32f10x_rtc.o(i.RTC_EnterConfigMode), (20 bytes).
    Removing stm32f10x_rtc.o(i.RTC_ExitConfigMode), (20 bytes).
    Removing stm32f10x_rtc.o(i.RTC_GetCounter), (20 bytes).
    Removing stm32f10x_rtc.o(i.RTC_GetDivider), (24 bytes).
    Removing stm32f10x_rtc.o(i.RTC_GetFlagStatus), (24 bytes).
    Removing stm32f10x_rtc.o(i.RTC_GetITStatus), (36 bytes).
    Removing stm32f10x_rtc.o(i.RTC_ITConfig), (32 bytes).
    Removing stm32f10x_rtc.o(i.RTC_SetAlarm), (28 bytes).
    Removing stm32f10x_rtc.o(i.RTC_SetCounter), (28 bytes).
    Removing stm32f10x_rtc.o(i.RTC_SetPrescaler), (32 bytes).
    Removing stm32f10x_rtc.o(i.RTC_WaitForLastTask), (20 bytes).
    Removing stm32f10x_rtc.o(i.RTC_WaitForSynchro), (36 bytes).
    Removing stm32f10x_sdio.o(i.SDIO_CEATAITCmd), (16 bytes).
    Removing stm32f10x_sdio.o(i.SDIO_ClearFlag), (12 bytes).
    Removing stm32f10x_sdio.o(i.SDIO_ClearITPendingBit), (12 bytes).
    Removing stm32f10x_sdio.o(i.SDIO_ClockCmd), (12 bytes).
    Removing stm32f10x_sdio.o(i.SDIO_CmdStructInit), (14 bytes).
    Removing stm32f10x_sdio.o(i.SDIO_CommandCompletionCmd), (12 bytes).
    Removing stm32f10x_sdio.o(i.SDIO_DMACmd), (12 bytes).
    Removing stm32f10x_sdio.o(i.SDIO_DataConfig), (48 bytes).
    Removing stm32f10x_sdio.o(i.SDIO_DataStructInit), (20 bytes).
    Removing stm32f10x_sdio.o(i.SDIO_DeInit), (36 bytes).
    Removing stm32f10x_sdio.o(i.SDIO_GetCommandResponse), (12 bytes).
    Removing stm32f10x_sdio.o(i.SDIO_GetDataCounter), (12 bytes).
    Removing stm32f10x_sdio.o(i.SDIO_GetFIFOCount), (12 bytes).
    Removing stm32f10x_sdio.o(i.SDIO_GetFlagStatus), (24 bytes).
    Removing stm32f10x_sdio.o(i.SDIO_GetITStatus), (24 bytes).
    Removing stm32f10x_sdio.o(i.SDIO_GetPowerState), (16 bytes).
    Removing stm32f10x_sdio.o(i.SDIO_GetResponse), (24 bytes).
    Removing stm32f10x_sdio.o(i.SDIO_ITConfig), (32 bytes).
    Removing stm32f10x_sdio.o(i.SDIO_Init), (48 bytes).
    Removing stm32f10x_sdio.o(i.SDIO_ReadData), (12 bytes).
    Removing stm32f10x_sdio.o(i.SDIO_SendCEATACmd), (12 bytes).
    Removing stm32f10x_sdio.o(i.SDIO_SendCommand), (44 bytes).
    Removing stm32f10x_sdio.o(i.SDIO_SendSDIOSuspendCmd), (12 bytes).
    Removing stm32f10x_sdio.o(i.SDIO_SetPowerState), (28 bytes).
    Removing stm32f10x_sdio.o(i.SDIO_SetSDIOOperation), (12 bytes).
    Removing stm32f10x_sdio.o(i.SDIO_SetSDIOReadWaitMode), (12 bytes).
    Removing stm32f10x_sdio.o(i.SDIO_StartSDIOReadWait), (12 bytes).
    Removing stm32f10x_sdio.o(i.SDIO_StopSDIOReadWait), (12 bytes).
    Removing stm32f10x_sdio.o(i.SDIO_StructInit), (16 bytes).
    Removing stm32f10x_sdio.o(i.SDIO_WriteData), (12 bytes).
    Removing stm32f10x_spi.o(i.I2S_Cmd), (24 bytes).
    Removing stm32f10x_spi.o(i.I2S_Init), (232 bytes).
    Removing stm32f10x_spi.o(i.I2S_StructInit), (20 bytes).
    Removing stm32f10x_spi.o(i.SPI_BiDirectionalLineConfig), (28 bytes).
    Removing stm32f10x_spi.o(i.SPI_CalculateCRC), (24 bytes).
    Removing stm32f10x_spi.o(i.SPI_Cmd), (24 bytes).
    Removing stm32f10x_spi.o(i.SPI_DataSizeConfig), (18 bytes).
    Removing stm32f10x_spi.o(i.SPI_GetCRC), (16 bytes).
    Removing stm32f10x_spi.o(i.SPI_GetCRCPolynomial), (6 bytes).
    Removing stm32f10x_spi.o(i.SPI_I2S_ClearFlag), (6 bytes).
    Removing stm32f10x_spi.o(i.SPI_I2S_ClearITPendingBit), (20 bytes).
    Removing stm32f10x_spi.o(i.SPI_I2S_DMACmd), (18 bytes).
    Removing stm32f10x_spi.o(i.SPI_I2S_DeInit), (88 bytes).
    Removing stm32f10x_spi.o(i.SPI_I2S_GetFlagStatus), (18 bytes).
    Removing stm32f10x_spi.o(i.SPI_I2S_GetITStatus), (52 bytes).
    Removing stm32f10x_spi.o(i.SPI_I2S_ITConfig), (32 bytes).
    Removing stm32f10x_spi.o(i.SPI_I2S_ReceiveData), (6 bytes).
    Removing stm32f10x_spi.o(i.SPI_I2S_SendData), (4 bytes).
    Removing stm32f10x_spi.o(i.SPI_Init), (60 bytes).
    Removing stm32f10x_spi.o(i.SPI_NSSInternalSoftwareConfig), (30 bytes).
    Removing stm32f10x_spi.o(i.SPI_SSOutputCmd), (24 bytes).
    Removing stm32f10x_spi.o(i.SPI_StructInit), (24 bytes).
    Removing stm32f10x_spi.o(i.SPI_TransmitCRC), (10 bytes).
    Removing stm32f10x_tim.o(i.TI1_Config), (128 bytes).
    Removing stm32f10x_tim.o(i.TI2_Config), (152 bytes).
    Removing stm32f10x_tim.o(i.TI3_Config), (144 bytes).
    Removing stm32f10x_tim.o(i.TI4_Config), (152 bytes).
    Removing stm32f10x_tim.o(i.TIM_ARRPreloadConfig), (24 bytes).
    Removing stm32f10x_tim.o(i.TIM_BDTRConfig), (32 bytes).
    Removing stm32f10x_tim.o(i.TIM_BDTRStructInit), (18 bytes).
    Removing stm32f10x_tim.o(i.TIM_CCPreloadControl), (24 bytes).
    Removing stm32f10x_tim.o(i.TIM_CCxCmd), (30 bytes).
    Removing stm32f10x_tim.o(i.TIM_CCxNCmd), (30 bytes).
    Removing stm32f10x_tim.o(i.TIM_ClearOC1Ref), (18 bytes).
    Removing stm32f10x_tim.o(i.TIM_ClearOC2Ref), (24 bytes).
    Removing stm32f10x_tim.o(i.TIM_ClearOC3Ref), (18 bytes).
    Removing stm32f10x_tim.o(i.TIM_ClearOC4Ref), (24 bytes).
    Removing stm32f10x_tim.o(i.TIM_CounterModeConfig), (18 bytes).
    Removing stm32f10x_tim.o(i.TIM_CtrlPWMOutputs), (30 bytes).
    Removing stm32f10x_tim.o(i.TIM_DMACmd), (18 bytes).
    Removing stm32f10x_tim.o(i.TIM_DMAConfig), (10 bytes).
    Removing stm32f10x_tim.o(i.TIM_DeInit), (488 bytes).
    Removing stm32f10x_tim.o(i.TIM_ETRClockMode1Config), (54 bytes).
    Removing stm32f10x_tim.o(i.TIM_ETRClockMode2Config), (32 bytes).
    Removing stm32f10x_tim.o(i.TIM_ETRConfig), (28 bytes).
    Removing stm32f10x_tim.o(i.TIM_EncoderInterfaceConfig), (66 bytes).
    Removing stm32f10x_tim.o(i.TIM_ForcedOC1Config), (18 bytes).
    Removing stm32f10x_tim.o(i.TIM_ForcedOC2Config), (26 bytes).
    Removing stm32f10x_tim.o(i.TIM_ForcedOC3Config), (18 bytes).
    Removing stm32f10x_tim.o(i.TIM_ForcedOC4Config), (26 bytes).
    Removing stm32f10x_tim.o(i.TIM_GenerateEvent), (4 bytes).
    Removing stm32f10x_tim.o(i.TIM_GetCapture1), (6 bytes).
    Removing stm32f10x_tim.o(i.TIM_GetCapture2), (6 bytes).
    Removing stm32f10x_tim.o(i.TIM_GetCapture3), (6 bytes).
    Removing stm32f10x_tim.o(i.TIM_GetCapture4), (8 bytes).
    Removing stm32f10x_tim.o(i.TIM_GetCounter), (6 bytes).
    Removing stm32f10x_tim.o(i.TIM_GetFlagStatus), (18 bytes).
    Removing stm32f10x_tim.o(i.TIM_GetPrescaler), (6 bytes).
    Removing stm32f10x_tim.o(i.TIM_ICInit), (172 bytes).
    Removing stm32f10x_tim.o(i.TIM_ICStructInit), (18 bytes).
    Removing stm32f10x_tim.o(i.TIM_ITRxExternalClockConfig), (24 bytes).
    Removing stm32f10x_tim.o(i.TIM_OC1FastConfig), (18 bytes).
    Removing stm32f10x_tim.o(i.TIM_OC1Init), (152 bytes).
    Removing stm32f10x_tim.o(i.TIM_OC1NPolarityConfig), (18 bytes).
    Removing stm32f10x_tim.o(i.TIM_OC1PolarityConfig), (18 bytes).
    Removing stm32f10x_tim.o(i.TIM_OC1PreloadConfig), (18 bytes).
    Removing stm32f10x_tim.o(i.TIM_OC2FastConfig), (26 bytes).
    Removing stm32f10x_tim.o(i.TIM_OC2Init), (164 bytes).
    Removing stm32f10x_tim.o(i.TIM_OC2NPolarityConfig), (26 bytes).
    Removing stm32f10x_tim.o(i.TIM_OC2PolarityConfig), (26 bytes).
    Removing stm32f10x_tim.o(i.TIM_OC2PreloadConfig), (26 bytes).
    Removing stm32f10x_tim.o(i.TIM_OC3FastConfig), (18 bytes).
    Removing stm32f10x_tim.o(i.TIM_OC3Init), (160 bytes).
    Removing stm32f10x_tim.o(i.TIM_OC3NPolarityConfig), (26 bytes).
    Removing stm32f10x_tim.o(i.TIM_OC3PolarityConfig), (26 bytes).
    Removing stm32f10x_tim.o(i.TIM_OC3PreloadConfig), (18 bytes).
    Removing stm32f10x_tim.o(i.TIM_OC4FastConfig), (26 bytes).
    Removing stm32f10x_tim.o(i.TIM_OC4Init), (124 bytes).
    Removing stm32f10x_tim.o(i.TIM_OC4PolarityConfig), (26 bytes).
    Removing stm32f10x_tim.o(i.TIM_OC4PreloadConfig), (26 bytes).
    Removing stm32f10x_tim.o(i.TIM_OCStructInit), (20 bytes).
    Removing stm32f10x_tim.o(i.TIM_PWMIConfig), (124 bytes).
    Removing stm32f10x_tim.o(i.TIM_PrescalerConfig), (6 bytes).
    Removing stm32f10x_tim.o(i.TIM_SelectCCDMA), (24 bytes).
    Removing stm32f10x_tim.o(i.TIM_SelectCOM), (24 bytes).
    Removing stm32f10x_tim.o(i.TIM_SelectHallSensor), (24 bytes).
    Removing stm32f10x_tim.o(i.TIM_SelectInputTrigger), (18 bytes).
    Removing stm32f10x_tim.o(i.TIM_SelectMasterSlaveMode), (18 bytes).
    Removing stm32f10x_tim.o(i.TIM_SelectOCxM), (82 bytes).
    Removing stm32f10x_tim.o(i.TIM_SelectOnePulseMode), (18 bytes).
    Removing stm32f10x_tim.o(i.TIM_SelectOutputTrigger), (18 bytes).
    Removing stm32f10x_tim.o(i.TIM_SelectSlaveMode), (18 bytes).
    Removing stm32f10x_tim.o(i.TIM_SetAutoreload), (4 bytes).
    Removing stm32f10x_tim.o(i.TIM_SetClockDivision), (18 bytes).
    Removing stm32f10x_tim.o(i.TIM_SetCompare1), (4 bytes).
    Removing stm32f10x_tim.o(i.TIM_SetCompare2), (4 bytes).
    Removing stm32f10x_tim.o(i.TIM_SetCompare3), (4 bytes).
    Removing stm32f10x_tim.o(i.TIM_SetCompare4), (6 bytes).
    Removing stm32f10x_tim.o(i.TIM_SetCounter), (4 bytes).
    Removing stm32f10x_tim.o(i.TIM_SetIC1Prescaler), (18 bytes).
    Removing stm32f10x_tim.o(i.TIM_SetIC2Prescaler), (26 bytes).
    Removing stm32f10x_tim.o(i.TIM_SetIC3Prescaler), (18 bytes).
    Removing stm32f10x_tim.o(i.TIM_SetIC4Prescaler), (26 bytes).
    Removing stm32f10x_tim.o(i.TIM_TIxExternalClockConfig), (62 bytes).
    Removing stm32f10x_tim.o(i.TIM_TimeBaseStructInit), (18 bytes).
    Removing stm32f10x_tim.o(i.TIM_UpdateDisableConfig), (24 bytes).
    Removing stm32f10x_tim.o(i.TIM_UpdateRequestConfig), (24 bytes).
    Removing stm32f10x_usart.o(i.USART_ClearFlag), (18 bytes).
    Removing stm32f10x_usart.o(i.USART_ClearITPendingBit), (30 bytes).
    Removing stm32f10x_usart.o(i.USART_ClockInit), (34 bytes).
    Removing stm32f10x_usart.o(i.USART_ClockStructInit), (12 bytes).
    Removing stm32f10x_usart.o(i.USART_DMACmd), (18 bytes).
    Removing stm32f10x_usart.o(i.USART_DeInit), (156 bytes).
    Removing stm32f10x_usart.o(i.USART_HalfDuplexCmd), (24 bytes).
    Removing stm32f10x_usart.o(i.USART_IrDACmd), (24 bytes).
    Removing stm32f10x_usart.o(i.USART_IrDAConfig), (18 bytes).
    Removing stm32f10x_usart.o(i.USART_LINBreakDetectLengthConfig), (18 bytes).
    Removing stm32f10x_usart.o(i.USART_LINCmd), (24 bytes).
    Removing stm32f10x_usart.o(i.USART_OneBitMethodCmd), (24 bytes).
    Removing stm32f10x_usart.o(i.USART_OverSampling8Cmd), (22 bytes).
    Removing stm32f10x_usart.o(i.USART_ReceiverWakeUpCmd), (24 bytes).
    Removing stm32f10x_usart.o(i.USART_SendBreak), (10 bytes).
    Removing stm32f10x_usart.o(i.USART_SetAddress), (18 bytes).
    Removing stm32f10x_usart.o(i.USART_SetGuardTime), (16 bytes).
    Removing stm32f10x_usart.o(i.USART_SetPrescaler), (16 bytes).
    Removing stm32f10x_usart.o(i.USART_SmartCardCmd), (24 bytes).
    Removing stm32f10x_usart.o(i.USART_SmartCardNACKCmd), (24 bytes).
    Removing stm32f10x_usart.o(i.USART_StructInit), (24 bytes).
    Removing stm32f10x_usart.o(i.USART_WakeUpConfig), (18 bytes).
    Removing stm32f10x_wwdg.o(i.WWDG_ClearFlag), (12 bytes).
    Removing stm32f10x_wwdg.o(i.WWDG_DeInit), (22 bytes).
    Removing stm32f10x_wwdg.o(i.WWDG_Enable), (16 bytes).
    Removing stm32f10x_wwdg.o(i.WWDG_EnableIT), (12 bytes).
    Removing stm32f10x_wwdg.o(i.WWDG_GetFlagStatus), (12 bytes).
    Removing stm32f10x_wwdg.o(i.WWDG_SetCounter), (16 bytes).
    Removing stm32f10x_wwdg.o(i.WWDG_SetPrescaler), (24 bytes).
    Removing stm32f10x_wwdg.o(i.WWDG_SetWindowValue), (40 bytes).
    Removing delay.o(i.Delay_s), (24 bytes).
    Removing timer.o(i.Timer3_Init), (124 bytes).
    Removing mkspulse.o(i.mksPulseInit), (72 bytes).
    Removing mkspulse.o(i.mksPulseRun), (36 bytes).
    Removing main_communication_test.o(i.waitingForPositionACK), (108 bytes).
    Removing uart.o(i.UART_ReceiveByte), (32 bytes).

451 unused section(s) (total 17446 bytes) removed from the image.

==============================================================================

Image Symbol Table

    Local Symbols

    Symbol Name                              Value     Ov Type        Size  Object(Section)

    ../clib/microlib/ctype/ctype.c           0x00000000   Number         0  isspace_c.o ABSOLUTE
    ../clib/microlib/ctype/ctype.c           0x00000000   Number         0  ctype_c.o ABSOLUTE
    ../clib/microlib/init/entry.s            0x00000000   Number         0  entry7b.o ABSOLUTE
    ../clib/microlib/init/entry.s            0x00000000   Number         0  entry12a.o ABSOLUTE
    ../clib/microlib/init/entry.s            0x00000000   Number         0  entry7a.o ABSOLUTE
    ../clib/microlib/init/entry.s            0x00000000   Number         0  entry11b.o ABSOLUTE
    ../clib/microlib/init/entry.s            0x00000000   Number         0  entry.o ABSOLUTE
    ../clib/microlib/init/entry.s            0x00000000   Number         0  entry5.o ABSOLUTE
    ../clib/microlib/init/entry.s            0x00000000   Number         0  entry8a.o ABSOLUTE
    ../clib/microlib/init/entry.s            0x00000000   Number         0  entry12b.o ABSOLUTE
    ../clib/microlib/init/entry.s            0x00000000   Number         0  entry2.o ABSOLUTE
    ../clib/microlib/init/entry.s            0x00000000   Number         0  entry10a.o ABSOLUTE
    ../clib/microlib/init/entry.s            0x00000000   Number         0  entry10b.o ABSOLUTE
    ../clib/microlib/init/entry.s            0x00000000   Number         0  entry11a.o ABSOLUTE
    ../clib/microlib/init/entry.s            0x00000000   Number         0  entry9b.o ABSOLUTE
    ../clib/microlib/init/entry.s            0x00000000   Number         0  entry9a.o ABSOLUTE
    ../clib/microlib/init/entry.s            0x00000000   Number         0  entry8b.o ABSOLUTE
    ../clib/microlib/string/memcpy.c         0x00000000   Number         0  memcpya.o ABSOLUTE
    ../clib/microlib/string/memcpy.c         0x00000000   Number         0  memcpyb.o ABSOLUTE
    ../clib/scanf.c                          0x00000000   Number         0  __0sscanf.o ABSOLUTE
    ../clib/scanf.c                          0x00000000   Number         0  _sgetc.o ABSOLUTE
    ../clib/scanf.c                          0x00000000   Number         0  _chval.o ABSOLUTE
    ../clib/scanf.c                          0x00000000   Number         0  scanf_char.o ABSOLUTE
    ../clib/scanf.c                          0x00000000   Number         0  _scanf.o ABSOLUTE
    ../clib/scanf.c                          0x00000000   Number         0  _scanf_int.o ABSOLUTE
    Hardware\LED.c                           0x00000000   Number         0  led.o ABSOLUTE
    Hardware\mksPulse.c                      0x00000000   Number         0  mkspulse.o ABSOLUTE
    Library\misc.c                           0x00000000   Number         0  misc.o ABSOLUTE
    Library\stm32f10x_adc.c                  0x00000000   Number         0  stm32f10x_adc.o ABSOLUTE
    Library\stm32f10x_bkp.c                  0x00000000   Number         0  stm32f10x_bkp.o ABSOLUTE
    Library\stm32f10x_can.c                  0x00000000   Number         0  stm32f10x_can.o ABSOLUTE
    Library\stm32f10x_cec.c                  0x00000000   Number         0  stm32f10x_cec.o ABSOLUTE
    Library\stm32f10x_crc.c                  0x00000000   Number         0  stm32f10x_crc.o ABSOLUTE
    Library\stm32f10x_dac.c                  0x00000000   Number         0  stm32f10x_dac.o ABSOLUTE
    Library\stm32f10x_dbgmcu.c               0x00000000   Number         0  stm32f10x_dbgmcu.o ABSOLUTE
    Library\stm32f10x_dma.c                  0x00000000   Number         0  stm32f10x_dma.o ABSOLUTE
    Library\stm32f10x_exti.c                 0x00000000   Number         0  stm32f10x_exti.o ABSOLUTE
    Library\stm32f10x_flash.c                0x00000000   Number         0  stm32f10x_flash.o ABSOLUTE
    Library\stm32f10x_fsmc.c                 0x00000000   Number         0  stm32f10x_fsmc.o ABSOLUTE
    Library\stm32f10x_gpio.c                 0x00000000   Number         0  stm32f10x_gpio.o ABSOLUTE
    Library\stm32f10x_i2c.c                  0x00000000   Number         0  stm32f10x_i2c.o ABSOLUTE
    Library\stm32f10x_iwdg.c                 0x00000000   Number         0  stm32f10x_iwdg.o ABSOLUTE
    Library\stm32f10x_pwr.c                  0x00000000   Number         0  stm32f10x_pwr.o ABSOLUTE
    Library\stm32f10x_rcc.c                  0x00000000   Number         0  stm32f10x_rcc.o ABSOLUTE
    Library\stm32f10x_rtc.c                  0x00000000   Number         0  stm32f10x_rtc.o ABSOLUTE
    Library\stm32f10x_sdio.c                 0x00000000   Number         0  stm32f10x_sdio.o ABSOLUTE
    Library\stm32f10x_spi.c                  0x00000000   Number         0  stm32f10x_spi.o ABSOLUTE
    Library\stm32f10x_tim.c                  0x00000000   Number         0  stm32f10x_tim.o ABSOLUTE
    Library\stm32f10x_usart.c                0x00000000   Number         0  stm32f10x_usart.o ABSOLUTE
    Library\stm32f10x_wwdg.c                 0x00000000   Number         0  stm32f10x_wwdg.o ABSOLUTE
    Start\\core_cm3.c                        0x00000000   Number         0  core_cm3.o ABSOLUTE
    Start\core_cm3.c                         0x00000000   Number         0  core_cm3.o ABSOLUTE
    Start\startup_stm32f10x_md.s             0x00000000   Number         0  startup_stm32f10x_md.o ABSOLUTE
    Start\system_stm32f10x.c                 0x00000000   Number         0  system_stm32f10x.o ABSOLUTE
    System\Delay.c                           0x00000000   Number         0  delay.o ABSOLUTE
    System\Timer.c                           0x00000000   Number         0  timer.o ABSOLUTE
    User\can.c                               0x00000000   Number         0  can.o ABSOLUTE
    User\stm32f10x_it.c                      0x00000000   Number         0  stm32f10x_it.o ABSOLUTE
    dc.s                                     0x00000000   Number         0  dc.o ABSOLUTE
    handlers.s                               0x00000000   Number         0  handlers.o ABSOLUTE
    init.s                                   0x00000000   Number         0  init.o ABSOLUTE
    main_communication_test.c                0x00000000   Number         0  main_communication_test.o ABSOLUTE
    uart.c                                   0x00000000   Number         0  uart.o ABSOLUTE
    RESET                                    0x08000000   Section      236  startup_stm32f10x_md.o(RESET)
    .ARM.Collect$$$$00000000                 0x080000ec   Section        0  entry.o(.ARM.Collect$$$$00000000)
    .ARM.Collect$$$$00000001                 0x080000ec   Section        4  entry2.o(.ARM.Collect$$$$00000001)
    .ARM.Collect$$$$00000004                 0x080000f0   Section        4  entry5.o(.ARM.Collect$$$$00000004)
    .ARM.Collect$$$$00000008                 0x080000f4   Section        0  entry7b.o(.ARM.Collect$$$$00000008)
    .ARM.Collect$$$$0000000A                 0x080000f4   Section        0  entry8b.o(.ARM.Collect$$$$0000000A)
    .ARM.Collect$$$$0000000B                 0x080000f4   Section        8  entry9a.o(.ARM.Collect$$$$0000000B)
    .ARM.Collect$$$$0000000E                 0x080000fc   Section        4  entry12b.o(.ARM.Collect$$$$0000000E)
    .ARM.Collect$$$$0000000F                 0x08000100   Section        0  entry10a.o(.ARM.Collect$$$$0000000F)
    .ARM.Collect$$$$00000011                 0x08000100   Section        0  entry11a.o(.ARM.Collect$$$$00000011)
    .ARM.Collect$$$$00002712                 0x08000100   Section        4  entry2.o(.ARM.Collect$$$$00002712)
    __lit__00000000                          0x08000100   Data           4  entry2.o(.ARM.Collect$$$$00002712)
    .text                                    0x08000104   Section       36  startup_stm32f10x_md.o(.text)
    .text                                    0x08000128   Section        0  memcpya.o(.text)
    .text                                    0x0800014c   Section        0  __0sscanf.o(.text)
    .text                                    0x08000184   Section        0  _scanf_int.o(.text)
    .text                                    0x080002d0   Section        0  _chval.o(.text)
    .text                                    0x080002ec   Section        0  scanf_char.o(.text)
    _scanf_char_input                        0x080002ed   Thumb Code    12  scanf_char.o(.text)
    .text                                    0x08000314   Section        0  _sgetc.o(.text)
    .text                                    0x08000354   Section       36  init.o(.text)
    .text                                    0x08000378   Section        0  isspace_c.o(.text)
    .text                                    0x08000384   Section        0  _scanf.o(.text)
    .text                                    0x080006b4   Section        0  ctype_c.o(.text)
    i.BusFault_Handler                       0x080006dc   Section        0  stm32f10x_it.o(i.BusFault_Handler)
    i.CAN_ClearITPendingBit                  0x080006e0   Section        0  stm32f10x_can.o(i.CAN_ClearITPendingBit)
    i.CAN_FilterInit                         0x08000788   Section        0  stm32f10x_can.o(i.CAN_FilterInit)
    i.CAN_INIT                               0x08000890   Section        0  can.o(i.CAN_INIT)
    i.CAN_ITConfig                           0x08000974   Section        0  stm32f10x_can.o(i.CAN_ITConfig)
    i.CAN_Init                               0x08000986   Section        0  stm32f10x_can.o(i.CAN_Init)
    i.CAN_Receive                            0x08000a9a   Section        0  stm32f10x_can.o(i.CAN_Receive)
    i.CAN_StructInit                         0x08000b8a   Section        0  stm32f10x_can.o(i.CAN_StructInit)
    i.CAN_Transmit                           0x08000baa   Section        0  stm32f10x_can.o(i.CAN_Transmit)
    i.CanTransfer                            0x08000cd0   Section        0  can.o(i.CanTransfer)
    i.DebugMon_Handler                       0x08000d1c   Section        0  stm32f10x_it.o(i.DebugMon_Handler)
    i.Delay_ms                               0x08000d1e   Section        0  delay.o(i.Delay_ms)
    i.Delay_us                               0x08000d36   Section        0  delay.o(i.Delay_us)
    i.GPIO_Init                              0x08000d64   Section        0  stm32f10x_gpio.o(i.GPIO_Init)
    i.GPIO_PinRemapConfig                    0x08000e7c   Section        0  stm32f10x_gpio.o(i.GPIO_PinRemapConfig)
    i.GPIO_ReadOutputDataBit                 0x08000f0c   Section        0  stm32f10x_gpio.o(i.GPIO_ReadOutputDataBit)
    i.GPIO_ResetBits                         0x08000f1e   Section        0  stm32f10x_gpio.o(i.GPIO_ResetBits)
    i.GPIO_SetBits                           0x08000f22   Section        0  stm32f10x_gpio.o(i.GPIO_SetBits)
    i.GroupedRun                             0x08000f28   Section        0  main_communication_test.o(i.GroupedRun)
    i.HardFault_Handler                      0x08000fe0   Section        0  stm32f10x_it.o(i.HardFault_Handler)
    i.LED_Init                               0x08000fe4   Section        0  led.o(i.LED_Init)
    i.LED_OFF                                0x08001018   Section        0  led.o(i.LED_OFF)
    i.LED_ON                                 0x0800102c   Section        0  led.o(i.LED_ON)
    i.LED_Toggle                             0x08001040   Section        0  led.o(i.LED_Toggle)
    i.MemManage_Handler                      0x0800106c   Section        0  stm32f10x_it.o(i.MemManage_Handler)
    i.NMI_Handler                            0x08001070   Section        0  stm32f10x_it.o(i.NMI_Handler)
    i.NVIC_INIT                              0x08001072   Section        0  main_communication_test.o(i.NVIC_INIT)
    i.NVIC_Init                              0x080010b8   Section        0  misc.o(i.NVIC_Init)
    i.NVIC_PriorityGroupConfig               0x08001128   Section        0  misc.o(i.NVIC_PriorityGroupConfig)
    i.ParseAndRun                            0x0800113c   Section        0  main_communication_test.o(i.ParseAndRun)
    i.PendSV_Handler                         0x080011f8   Section        0  stm32f10x_it.o(i.PendSV_Handler)
    i.RCC_APB1PeriphClockCmd                 0x080011fc   Section        0  stm32f10x_rcc.o(i.RCC_APB1PeriphClockCmd)
    i.RCC_APB2PeriphClockCmd                 0x0800121c   Section        0  stm32f10x_rcc.o(i.RCC_APB2PeriphClockCmd)
    i.RCC_GetClocksFreq                      0x0800123c   Section        0  stm32f10x_rcc.o(i.RCC_GetClocksFreq)
    i.SVC_Handler                            0x08001310   Section        0  stm32f10x_it.o(i.SVC_Handler)
    i.SetSysClock                            0x08001312   Section        0  system_stm32f10x.o(i.SetSysClock)
    SetSysClock                              0x08001313   Thumb Code     8  system_stm32f10x.o(i.SetSysClock)
    i.SetSysClockTo72                        0x0800131c   Section        0  system_stm32f10x.o(i.SetSysClockTo72)
    SetSysClockTo72                          0x0800131d   Thumb Code   214  system_stm32f10x.o(i.SetSysClockTo72)
    i.SysTick_Handler                        0x080013fc   Section        0  stm32f10x_it.o(i.SysTick_Handler)
    i.SystemInit                             0x08001400   Section        0  system_stm32f10x.o(i.SystemInit)
    i.TIM2_IRQHandler                        0x08001460   Section        0  timer.o(i.TIM2_IRQHandler)
    i.TIM3_IRQHandler                        0x08001490   Section        0  timer.o(i.TIM3_IRQHandler)
    i.TIM_ClearFlag                          0x080014d8   Section        0  stm32f10x_tim.o(i.TIM_ClearFlag)
    i.TIM_ClearITPendingBit                  0x080014de   Section        0  stm32f10x_tim.o(i.TIM_ClearITPendingBit)
    i.TIM_Cmd                                0x080014e4   Section        0  stm32f10x_tim.o(i.TIM_Cmd)
    i.TIM_GetITStatus                        0x080014fc   Section        0  stm32f10x_tim.o(i.TIM_GetITStatus)
    i.TIM_ITConfig                           0x0800151e   Section        0  stm32f10x_tim.o(i.TIM_ITConfig)
    i.TIM_InternalClockConfig                0x08001530   Section        0  stm32f10x_tim.o(i.TIM_InternalClockConfig)
    i.TIM_TimeBaseInit                       0x0800153c   Section        0  stm32f10x_tim.o(i.TIM_TimeBaseInit)
    i.Timer2_Init                            0x080015e0   Section        0  timer.o(i.Timer2_Init)
    i.UART_Init                              0x0800165c   Section        0  uart.o(i.UART_Init)
    i.UART_SendByte                          0x080016fc   Section        0  uart.o(i.UART_SendByte)
    i.UART_SendString                        0x0800171c   Section        0  uart.o(i.UART_SendString)
    i.USART1_IRQHandler                      0x08001734   Section        0  uart.o(i.USART1_IRQHandler)
    i.USART_Cmd                              0x0800178c   Section        0  stm32f10x_usart.o(i.USART_Cmd)
    i.USART_GetFlagStatus                    0x080017a4   Section        0  stm32f10x_usart.o(i.USART_GetFlagStatus)
    i.USART_GetITStatus                      0x080017be   Section        0  stm32f10x_usart.o(i.USART_GetITStatus)
    i.USART_ITConfig                         0x08001812   Section        0  stm32f10x_usart.o(i.USART_ITConfig)
    i.USART_Init                             0x0800185c   Section        0  stm32f10x_usart.o(i.USART_Init)
    i.USART_ReceiveData                      0x08001934   Section        0  stm32f10x_usart.o(i.USART_ReceiveData)
    i.USART_SendData                         0x0800193e   Section        0  stm32f10x_usart.o(i.USART_SendData)
    i.USB_LP_CAN1_RX0_IRQHandler             0x08001948   Section        0  can.o(i.USB_LP_CAN1_RX0_IRQHandler)
    i.UsageFault_Handler                     0x08001970   Section        0  stm32f10x_it.o(i.UsageFault_Handler)
    i.__scatterload_copy                     0x08001974   Section       14  handlers.o(i.__scatterload_copy)
    i.__scatterload_null                     0x08001982   Section        2  handlers.o(i.__scatterload_null)
    i.__scatterload_zeroinit                 0x08001984   Section       14  handlers.o(i.__scatterload_zeroinit)
    i.canCRC_ATM                             0x08001994   Section        0  can.o(i.canCRC_ATM)
    i.main                                   0x080019b8   Section        0  main_communication_test.o(i.main)
    i.millis                                 0x08001a0c   Section        0  timer.o(i.millis)
    i.runFail                                0x08001a18   Section        0  main_communication_test.o(i.runFail)
    i.sendCommand                            0x08001a30   Section        0  main_communication_test.o(i.sendCommand)
    i.waitingForACK                          0x08001a70   Section        0  main_communication_test.o(i.waitingForACK)
    .constdata                               0x08001ae0   Section       64  ctype_c.o(.constdata)
    .data                                    0x20000000   Section       20  stm32f10x_rcc.o(.data)
    APBAHBPrescTable                         0x20000000   Data          16  stm32f10x_rcc.o(.data)
    ADCPrescTable                            0x20000010   Data           4  stm32f10x_rcc.o(.data)
    .data                                    0x20000018   Section        8  timer.o(.data)
    .data                                    0x20000020   Section        1  mkspulse.o(.data)
    .data                                    0x20000022   Section        3  can.o(.data)
    .data                                    0x20000028   Section       25  main_communication_test.o(.data)
    .data                                    0x20000044   Section        4  uart.o(.data)
    .bss                                     0x20000048   Section       40  can.o(.bss)
    .bss                                     0x20000070   Section       64  uart.o(.bss)
    STACK                                    0x200000b0   Section     1024  startup_stm32f10x_md.o(STACK)

    Global Symbols

    Symbol Name                              Value     Ov Type        Size  Object(Section)

    BuildAttributes$$THM_ISAv4$P$D$K$B$S$PE$A:L22UL41UL21$X:L11$S22US41US21$IEEE1$IW$USESV6$~STKCKD$USESV7$~SHL$OSPACE$EBA8$MICROLIB$REQ8$PRES8$EABIv2 0x00000000   Number         0  anon$$obj.o ABSOLUTE
    __ARM_use_no_argv                        0x00000000   Number         0  main_communication_test.o ABSOLUTE
    __arm_fini_                               - Undefined Weak Reference
    __cpp_initialize__aeabi_                  - Undefined Weak Reference
    __cxa_finalize                            - Undefined Weak Reference
    __decompress                              - Undefined Weak Reference
    _clock_init                               - Undefined Weak Reference
    _microlib_exit                            - Undefined Weak Reference
    _scanf_longlong                           - Undefined Weak Reference
    _scanf_real                               - Undefined Weak Reference
    _scanf_string                             - Undefined Weak Reference
    __Vectors_Size                           0x000000ec   Number         0  startup_stm32f10x_md.o ABSOLUTE
    __Vectors                                0x08000000   Data           4  startup_stm32f10x_md.o(RESET)
    __Vectors_End                            0x080000ec   Data           0  startup_stm32f10x_md.o(RESET)
    __main                                   0x080000ed   Thumb Code     0  entry.o(.ARM.Collect$$$$00000000)
    _main_stk                                0x080000ed   Thumb Code     0  entry2.o(.ARM.Collect$$$$00000001)
    _main_scatterload                        0x080000f1   Thumb Code     0  entry5.o(.ARM.Collect$$$$00000004)
    __main_after_scatterload                 0x080000f5   Thumb Code     0  entry5.o(.ARM.Collect$$$$00000004)
    _main_clock                              0x080000f5   Thumb Code     0  entry7b.o(.ARM.Collect$$$$00000008)
    _main_cpp_init                           0x080000f5   Thumb Code     0  entry8b.o(.ARM.Collect$$$$0000000A)
    _main_init                               0x080000f5   Thumb Code     0  entry9a.o(.ARM.Collect$$$$0000000B)
    __rt_lib_shutdown_fini                   0x080000fd   Thumb Code     0  entry12b.o(.ARM.Collect$$$$0000000E)
    __rt_final_cpp                           0x08000101   Thumb Code     0  entry10a.o(.ARM.Collect$$$$0000000F)
    __rt_final_exit                          0x08000101   Thumb Code     0  entry11a.o(.ARM.Collect$$$$00000011)
    Reset_Handler                            0x08000105   Thumb Code     8  startup_stm32f10x_md.o(.text)
    ADC1_2_IRQHandler                        0x0800011f   Thumb Code     0  startup_stm32f10x_md.o(.text)
    CAN1_RX1_IRQHandler                      0x0800011f   Thumb Code     0  startup_stm32f10x_md.o(.text)
    CAN1_SCE_IRQHandler                      0x0800011f   Thumb Code     0  startup_stm32f10x_md.o(.text)
    DMA1_Channel1_IRQHandler                 0x0800011f   Thumb Code     0  startup_stm32f10x_md.o(.text)
    DMA1_Channel2_IRQHandler                 0x0800011f   Thumb Code     0  startup_stm32f10x_md.o(.text)
    DMA1_Channel3_IRQHandler                 0x0800011f   Thumb Code     0  startup_stm32f10x_md.o(.text)
    DMA1_Channel4_IRQHandler                 0x0800011f   Thumb Code     0  startup_stm32f10x_md.o(.text)
    DMA1_Channel5_IRQHandler                 0x0800011f   Thumb Code     0  startup_stm32f10x_md.o(.text)
    DMA1_Channel6_IRQHandler                 0x0800011f   Thumb Code     0  startup_stm32f10x_md.o(.text)
    DMA1_Channel7_IRQHandler                 0x0800011f   Thumb Code     0  startup_stm32f10x_md.o(.text)
    EXTI0_IRQHandler                         0x0800011f   Thumb Code     0  startup_stm32f10x_md.o(.text)
    EXTI15_10_IRQHandler                     0x0800011f   Thumb Code     0  startup_stm32f10x_md.o(.text)
    EXTI1_IRQHandler                         0x0800011f   Thumb Code     0  startup_stm32f10x_md.o(.text)
    EXTI2_IRQHandler                         0x0800011f   Thumb Code     0  startup_stm32f10x_md.o(.text)
    EXTI3_IRQHandler                         0x0800011f   Thumb Code     0  startup_stm32f10x_md.o(.text)
    EXTI4_IRQHandler                         0x0800011f   Thumb Code     0  startup_stm32f10x_md.o(.text)
    EXTI9_5_IRQHandler                       0x0800011f   Thumb Code     0  startup_stm32f10x_md.o(.text)
    FLASH_IRQHandler                         0x0800011f   Thumb Code     0  startup_stm32f10x_md.o(.text)
    I2C1_ER_IRQHandler                       0x0800011f   Thumb Code     0  startup_stm32f10x_md.o(.text)
    I2C1_EV_IRQHandler                       0x0800011f   Thumb Code     0  startup_stm32f10x_md.o(.text)
    I2C2_ER_IRQHandler                       0x0800011f   Thumb Code     0  startup_stm32f10x_md.o(.text)
    I2C2_EV_IRQHandler                       0x0800011f   Thumb Code     0  startup_stm32f10x_md.o(.text)
    PVD_IRQHandler                           0x0800011f   Thumb Code     0  startup_stm32f10x_md.o(.text)
    RCC_IRQHandler                           0x0800011f   Thumb Code     0  startup_stm32f10x_md.o(.text)
    RTCAlarm_IRQHandler                      0x0800011f   Thumb Code     0  startup_stm32f10x_md.o(.text)
    RTC_IRQHandler                           0x0800011f   Thumb Code     0  startup_stm32f10x_md.o(.text)
    SPI1_IRQHandler                          0x0800011f   Thumb Code     0  startup_stm32f10x_md.o(.text)
    SPI2_IRQHandler                          0x0800011f   Thumb Code     0  startup_stm32f10x_md.o(.text)
    TAMPER_IRQHandler                        0x0800011f   Thumb Code     0  startup_stm32f10x_md.o(.text)
    TIM1_BRK_IRQHandler                      0x0800011f   Thumb Code     0  startup_stm32f10x_md.o(.text)
    TIM1_CC_IRQHandler                       0x0800011f   Thumb Code     0  startup_stm32f10x_md.o(.text)
    TIM1_TRG_COM_IRQHandler                  0x0800011f   Thumb Code     0  startup_stm32f10x_md.o(.text)
    TIM1_UP_IRQHandler                       0x0800011f   Thumb Code     0  startup_stm32f10x_md.o(.text)
    TIM4_IRQHandler                          0x0800011f   Thumb Code     0  startup_stm32f10x_md.o(.text)
    USART2_IRQHandler                        0x0800011f   Thumb Code     0  startup_stm32f10x_md.o(.text)
    USART3_IRQHandler                        0x0800011f   Thumb Code     0  startup_stm32f10x_md.o(.text)
    USBWakeUp_IRQHandler                     0x0800011f   Thumb Code     0  startup_stm32f10x_md.o(.text)
    USB_HP_CAN1_TX_IRQHandler                0x0800011f   Thumb Code     0  startup_stm32f10x_md.o(.text)
    WWDG_IRQHandler                          0x0800011f   Thumb Code     0  startup_stm32f10x_md.o(.text)
    __aeabi_memcpy                           0x08000129   Thumb Code    36  memcpya.o(.text)
    __aeabi_memcpy4                          0x08000129   Thumb Code     0  memcpya.o(.text)
    __aeabi_memcpy8                          0x08000129   Thumb Code     0  memcpya.o(.text)
    __0sscanf                                0x0800014d   Thumb Code    48  __0sscanf.o(.text)
    _scanf_int                               0x08000185   Thumb Code   332  _scanf_int.o(.text)
    _chval                                   0x080002d1   Thumb Code    28  _chval.o(.text)
    __vfscanf_char                           0x080002f9   Thumb Code    20  scanf_char.o(.text)
    _sgetc                                   0x08000315   Thumb Code    30  _sgetc.o(.text)
    _sbackspace                              0x08000333   Thumb Code    34  _sgetc.o(.text)
    __scatterload                            0x08000355   Thumb Code    28  init.o(.text)
    __scatterload_rt2                        0x08000355   Thumb Code     0  init.o(.text)
    isspace                                  0x08000379   Thumb Code    10  isspace_c.o(.text)
    __vfscanf                                0x08000385   Thumb Code   810  _scanf.o(.text)
    __ctype_lookup                           0x080006b5   Thumb Code    34  ctype_c.o(.text)
    BusFault_Handler                         0x080006dd   Thumb Code     4  stm32f10x_it.o(i.BusFault_Handler)
    CAN_ClearITPendingBit                    0x080006e1   Thumb Code   162  stm32f10x_can.o(i.CAN_ClearITPendingBit)
    CAN_FilterInit                           0x08000789   Thumb Code   258  stm32f10x_can.o(i.CAN_FilterInit)
    CAN_INIT                                 0x08000891   Thumb Code   218  can.o(i.CAN_INIT)
    CAN_ITConfig                             0x08000975   Thumb Code    18  stm32f10x_can.o(i.CAN_ITConfig)
    CAN_Init                                 0x08000987   Thumb Code   276  stm32f10x_can.o(i.CAN_Init)
    CAN_Receive                              0x08000a9b   Thumb Code   240  stm32f10x_can.o(i.CAN_Receive)
    CAN_StructInit                           0x08000b8b   Thumb Code    32  stm32f10x_can.o(i.CAN_StructInit)
    CAN_Transmit                             0x08000bab   Thumb Code   294  stm32f10x_can.o(i.CAN_Transmit)
    CanTransfer                              0x08000cd1   Thumb Code    64  can.o(i.CanTransfer)
    DebugMon_Handler                         0x08000d1d   Thumb Code     2  stm32f10x_it.o(i.DebugMon_Handler)
    Delay_ms                                 0x08000d1f   Thumb Code    24  delay.o(i.Delay_ms)
    Delay_us                                 0x08000d37   Thumb Code    46  delay.o(i.Delay_us)
    GPIO_Init                                0x08000d65   Thumb Code   278  stm32f10x_gpio.o(i.GPIO_Init)
    GPIO_PinRemapConfig                      0x08000e7d   Thumb Code   138  stm32f10x_gpio.o(i.GPIO_PinRemapConfig)
    GPIO_ReadOutputDataBit                   0x08000f0d   Thumb Code    18  stm32f10x_gpio.o(i.GPIO_ReadOutputDataBit)
    GPIO_ResetBits                           0x08000f1f   Thumb Code     4  stm32f10x_gpio.o(i.GPIO_ResetBits)
    GPIO_SetBits                             0x08000f23   Thumb Code     4  stm32f10x_gpio.o(i.GPIO_SetBits)
    GroupedRun                               0x08000f29   Thumb Code   162  main_communication_test.o(i.GroupedRun)
    HardFault_Handler                        0x08000fe1   Thumb Code     4  stm32f10x_it.o(i.HardFault_Handler)
    LED_Init                                 0x08000fe5   Thumb Code    48  led.o(i.LED_Init)
    LED_OFF                                  0x08001019   Thumb Code    14  led.o(i.LED_OFF)
    LED_ON                                   0x0800102d   Thumb Code    14  led.o(i.LED_ON)
    LED_Toggle                               0x08001041   Thumb Code    38  led.o(i.LED_Toggle)
    MemManage_Handler                        0x0800106d   Thumb Code     4  stm32f10x_it.o(i.MemManage_Handler)
    NMI_Handler                              0x08001071   Thumb Code     2  stm32f10x_it.o(i.NMI_Handler)
    NVIC_INIT                                0x08001073   Thumb Code    70  main_communication_test.o(i.NVIC_INIT)
    NVIC_Init                                0x080010b9   Thumb Code   100  misc.o(i.NVIC_Init)
    NVIC_PriorityGroupConfig                 0x08001129   Thumb Code    10  misc.o(i.NVIC_PriorityGroupConfig)
    ParseAndRun                              0x0800113d   Thumb Code   118  main_communication_test.o(i.ParseAndRun)
    PendSV_Handler                           0x080011f9   Thumb Code     2  stm32f10x_it.o(i.PendSV_Handler)
    RCC_APB1PeriphClockCmd                   0x080011fd   Thumb Code    26  stm32f10x_rcc.o(i.RCC_APB1PeriphClockCmd)
    RCC_APB2PeriphClockCmd                   0x0800121d   Thumb Code    26  stm32f10x_rcc.o(i.RCC_APB2PeriphClockCmd)
    RCC_GetClocksFreq                        0x0800123d   Thumb Code   192  stm32f10x_rcc.o(i.RCC_GetClocksFreq)
    SVC_Handler                              0x08001311   Thumb Code     2  stm32f10x_it.o(i.SVC_Handler)
    SysTick_Handler                          0x080013fd   Thumb Code     2  stm32f10x_it.o(i.SysTick_Handler)
    SystemInit                               0x08001401   Thumb Code    78  system_stm32f10x.o(i.SystemInit)
    TIM2_IRQHandler                          0x08001461   Thumb Code    42  timer.o(i.TIM2_IRQHandler)
    TIM3_IRQHandler                          0x08001491   Thumb Code    60  timer.o(i.TIM3_IRQHandler)
    TIM_ClearFlag                            0x080014d9   Thumb Code     6  stm32f10x_tim.o(i.TIM_ClearFlag)
    TIM_ClearITPendingBit                    0x080014df   Thumb Code     6  stm32f10x_tim.o(i.TIM_ClearITPendingBit)
    TIM_Cmd                                  0x080014e5   Thumb Code    24  stm32f10x_tim.o(i.TIM_Cmd)
    TIM_GetITStatus                          0x080014fd   Thumb Code    34  stm32f10x_tim.o(i.TIM_GetITStatus)
    TIM_ITConfig                             0x0800151f   Thumb Code    18  stm32f10x_tim.o(i.TIM_ITConfig)
    TIM_InternalClockConfig                  0x08001531   Thumb Code    12  stm32f10x_tim.o(i.TIM_InternalClockConfig)
    TIM_TimeBaseInit                         0x0800153d   Thumb Code   122  stm32f10x_tim.o(i.TIM_TimeBaseInit)
    Timer2_Init                              0x080015e1   Thumb Code   124  timer.o(i.Timer2_Init)
    UART_Init                                0x0800165d   Thumb Code   152  uart.o(i.UART_Init)
    UART_SendByte                            0x080016fd   Thumb Code    28  uart.o(i.UART_SendByte)
    UART_SendString                          0x0800171d   Thumb Code    22  uart.o(i.UART_SendString)
    USART1_IRQHandler                        0x08001735   Thumb Code    74  uart.o(i.USART1_IRQHandler)
    USART_Cmd                                0x0800178d   Thumb Code    24  stm32f10x_usart.o(i.USART_Cmd)
    USART_GetFlagStatus                      0x080017a5   Thumb Code    26  stm32f10x_usart.o(i.USART_GetFlagStatus)
    USART_GetITStatus                        0x080017bf   Thumb Code    84  stm32f10x_usart.o(i.USART_GetITStatus)
    USART_ITConfig                           0x08001813   Thumb Code    74  stm32f10x_usart.o(i.USART_ITConfig)
    USART_Init                               0x0800185d   Thumb Code   210  stm32f10x_usart.o(i.USART_Init)
    USART_ReceiveData                        0x08001935   Thumb Code    10  stm32f10x_usart.o(i.USART_ReceiveData)
    USART_SendData                           0x0800193f   Thumb Code     8  stm32f10x_usart.o(i.USART_SendData)
    USB_LP_CAN1_RX0_IRQHandler               0x08001949   Thumb Code    28  can.o(i.USB_LP_CAN1_RX0_IRQHandler)
    UsageFault_Handler                       0x08001971   Thumb Code     4  stm32f10x_it.o(i.UsageFault_Handler)
    __scatterload_copy                       0x08001975   Thumb Code    14  handlers.o(i.__scatterload_copy)
    __scatterload_null                       0x08001983   Thumb Code     2  handlers.o(i.__scatterload_null)
    __scatterload_zeroinit                   0x08001985   Thumb Code    14  handlers.o(i.__scatterload_zeroinit)
    canCRC_ATM                               0x08001995   Thumb Code    32  can.o(i.canCRC_ATM)
    main                                     0x080019b9   Thumb Code    76  main_communication_test.o(i.main)
    millis                                   0x08001a0d   Thumb Code     8  timer.o(i.millis)
    runFail                                  0x08001a19   Thumb Code    24  main_communication_test.o(i.runFail)
    sendCommand                              0x08001a31   Thumb Code    54  main_communication_test.o(i.sendCommand)
    waitingForACK                            0x08001a71   Thumb Code   100  main_communication_test.o(i.waitingForACK)
    __ctype_categories                       0x08001ae0   Data          64  ctype_c.o(.constdata)
    Region$$Table$$Base                      0x08001b20   Number         0  anon$$obj.o(Region$$Table)
    Region$$Table$$Limit                     0x08001b40   Number         0  anon$$obj.o(Region$$Table)
    ticks                                    0x20000018   Data           8  timer.o(.data)
    stpStatus                                0x20000020   Data           1  mkspulse.o(.data)
    CAN_ID                                   0x20000022   Data           2  can.o(.data)
    CAN_RxDone                               0x20000024   Data           1  can.o(.data)
    txBuffer                                 0x20000028   Data           8  main_communication_test.o(.data)
    motorAddrs                               0x20000030   Data           2  main_communication_test.o(.data)
    speeds                                   0x20000032   Data           4  main_communication_test.o(.data)
    accs                                     0x20000036   Data           2  main_communication_test.o(.data)
    motorAngles                              0x20000038   Data           8  main_communication_test.o(.data)
    motorCount                               0x20000040   Data           1  main_communication_test.o(.data)
    uartBufferIndex                          0x20000044   Data           4  uart.o(.data)
    CanRxBuf                                 0x20000048   Data          20  can.o(.bss)
    CanTxBuf                                 0x2000005c   Data          20  can.o(.bss)
    uartBuffer                               0x20000070   Data          64  uart.o(.bss)
    __initial_sp                             0x200004b0   Data           0  startup_stm32f10x_md.o(STACK)



==============================================================================

Memory Map of the image

  Image Entry point : 0x080000ed

  Load Region LR_IROM1 (Base: 0x08000000, Size: 0x00001b88, Max: 0x00010000, ABSOLUTE)

    Execution Region ER_IROM1 (Exec base: 0x08000000, Load base: 0x08000000, Size: 0x00001b40, Max: 0x00010000, ABSOLUTE)

    Exec Addr    Load Addr    Size         Type   Attr      Idx    E Section Name        Object

    0x08000000   0x08000000   0x000000ec   Data   RO            3    RESET               startup_stm32f10x_md.o
    0x080000ec   0x080000ec   0x00000000   Code   RO         3541  * .ARM.Collect$$$$00000000  mc_w.l(entry.o)
    0x080000ec   0x080000ec   0x00000004   Code   RO         3552    .ARM.Collect$$$$00000001  mc_w.l(entry2.o)
    0x080000f0   0x080000f0   0x00000004   Code   RO         3555    .ARM.Collect$$$$00000004  mc_w.l(entry5.o)
    0x080000f4   0x080000f4   0x00000000   Code   RO         3557    .ARM.Collect$$$$00000008  mc_w.l(entry7b.o)
    0x080000f4   0x080000f4   0x00000000   Code   RO         3559    .ARM.Collect$$$$0000000A  mc_w.l(entry8b.o)
    0x080000f4   0x080000f4   0x00000008   Code   RO         3560    .ARM.Collect$$$$0000000B  mc_w.l(entry9a.o)
    0x080000fc   0x080000fc   0x00000004   Code   RO         3567    .ARM.Collect$$$$0000000E  mc_w.l(entry12b.o)
    0x08000100   0x08000100   0x00000000   Code   RO         3562    .ARM.Collect$$$$0000000F  mc_w.l(entry10a.o)
    0x08000100   0x08000100   0x00000000   Code   RO         3564    .ARM.Collect$$$$00000011  mc_w.l(entry11a.o)
    0x08000100   0x08000100   0x00000004   Code   RO         3553    .ARM.Collect$$$$00002712  mc_w.l(entry2.o)
    0x08000104   0x08000104   0x00000024   Code   RO            4    .text               startup_stm32f10x_md.o
    0x08000128   0x08000128   0x00000024   Code   RO         3544    .text               mc_w.l(memcpya.o)
    0x0800014c   0x0800014c   0x00000038   Code   RO         3548    .text               mc_w.l(__0sscanf.o)
    0x08000184   0x08000184   0x0000014c   Code   RO         3550    .text               mc_w.l(_scanf_int.o)
    0x080002d0   0x080002d0   0x0000001c   Code   RO         3568    .text               mc_w.l(_chval.o)
    0x080002ec   0x080002ec   0x00000028   Code   RO         3570    .text               mc_w.l(scanf_char.o)
    0x08000314   0x08000314   0x00000040   Code   RO         3572    .text               mc_w.l(_sgetc.o)
    0x08000354   0x08000354   0x00000024   Code   RO         3574    .text               mc_w.l(init.o)
    0x08000378   0x08000378   0x0000000a   Code   RO         3576    .text               mc_w.l(isspace_c.o)
    0x08000382   0x08000382   0x00000002   PAD
    0x08000384   0x08000384   0x00000330   Code   RO         3578    .text               mc_w.l(_scanf.o)
    0x080006b4   0x080006b4   0x00000028   Code   RO         3580    .text               mc_w.l(ctype_c.o)
    0x080006dc   0x080006dc   0x00000004   Code   RO         3323    i.BusFault_Handler  stm32f10x_it.o
    0x080006e0   0x080006e0   0x000000a8   Code   RO          507    i.CAN_ClearITPendingBit  stm32f10x_can.o
    0x08000788   0x08000788   0x00000108   Code   RO          511    i.CAN_FilterInit    stm32f10x_can.o
    0x08000890   0x08000890   0x000000e4   Code   RO         3386    i.CAN_INIT          can.o
    0x08000974   0x08000974   0x00000012   Code   RO          517    i.CAN_ITConfig      stm32f10x_can.o
    0x08000986   0x08000986   0x00000114   Code   RO          518    i.CAN_Init          stm32f10x_can.o
    0x08000a9a   0x08000a9a   0x000000f0   Code   RO          521    i.CAN_Receive       stm32f10x_can.o
    0x08000b8a   0x08000b8a   0x00000020   Code   RO          524    i.CAN_StructInit    stm32f10x_can.o
    0x08000baa   0x08000baa   0x00000126   Code   RO          526    i.CAN_Transmit      stm32f10x_can.o
    0x08000cd0   0x08000cd0   0x0000004c   Code   RO         3387    i.CanTransfer       can.o
    0x08000d1c   0x08000d1c   0x00000002   Code   RO         3324    i.DebugMon_Handler  stm32f10x_it.o
    0x08000d1e   0x08000d1e   0x00000018   Code   RO         3196    i.Delay_ms          delay.o
    0x08000d36   0x08000d36   0x0000002e   Code   RO         3198    i.Delay_us          delay.o
    0x08000d64   0x08000d64   0x00000116   Code   RO         1347    i.GPIO_Init         stm32f10x_gpio.o
    0x08000e7a   0x08000e7a   0x00000002   PAD
    0x08000e7c   0x08000e7c   0x00000090   Code   RO         1349    i.GPIO_PinRemapConfig  stm32f10x_gpio.o
    0x08000f0c   0x08000f0c   0x00000012   Code   RO         1353    i.GPIO_ReadOutputDataBit  stm32f10x_gpio.o
    0x08000f1e   0x08000f1e   0x00000004   Code   RO         1354    i.GPIO_ResetBits    stm32f10x_gpio.o
    0x08000f22   0x08000f22   0x00000004   Code   RO         1355    i.GPIO_SetBits      stm32f10x_gpio.o
    0x08000f26   0x08000f26   0x00000002   PAD
    0x08000f28   0x08000f28   0x000000b8   Code   RO         3426    i.GroupedRun        main_communication_test.o
    0x08000fe0   0x08000fe0   0x00000004   Code   RO         3325    i.HardFault_Handler  stm32f10x_it.o
    0x08000fe4   0x08000fe4   0x00000034   Code   RO         3263    i.LED_Init          led.o
    0x08001018   0x08001018   0x00000014   Code   RO         3264    i.LED_OFF           led.o
    0x0800102c   0x0800102c   0x00000014   Code   RO         3265    i.LED_ON            led.o
    0x08001040   0x08001040   0x0000002c   Code   RO         3266    i.LED_Toggle        led.o
    0x0800106c   0x0800106c   0x00000004   Code   RO         3326    i.MemManage_Handler  stm32f10x_it.o
    0x08001070   0x08001070   0x00000002   Code   RO         3327    i.NMI_Handler       stm32f10x_it.o
    0x08001072   0x08001072   0x00000046   Code   RO         3427    i.NVIC_INIT         main_communication_test.o
    0x080010b8   0x080010b8   0x00000070   Code   RO          137    i.NVIC_Init         misc.o
    0x08001128   0x08001128   0x00000014   Code   RO          138    i.NVIC_PriorityGroupConfig  misc.o
    0x0800113c   0x0800113c   0x000000bc   Code   RO         3428    i.ParseAndRun       main_communication_test.o
    0x080011f8   0x080011f8   0x00000002   Code   RO         3328    i.PendSV_Handler    stm32f10x_it.o
    0x080011fa   0x080011fa   0x00000002   PAD
    0x080011fc   0x080011fc   0x00000020   Code   RO         1775    i.RCC_APB1PeriphClockCmd  stm32f10x_rcc.o
    0x0800121c   0x0800121c   0x00000020   Code   RO         1777    i.RCC_APB2PeriphClockCmd  stm32f10x_rcc.o
    0x0800123c   0x0800123c   0x000000d4   Code   RO         1785    i.RCC_GetClocksFreq  stm32f10x_rcc.o
    0x08001310   0x08001310   0x00000002   Code   RO         3329    i.SVC_Handler       stm32f10x_it.o
    0x08001312   0x08001312   0x00000008   Code   RO           24    i.SetSysClock       system_stm32f10x.o
    0x0800131a   0x0800131a   0x00000002   PAD
    0x0800131c   0x0800131c   0x000000e0   Code   RO           25    i.SetSysClockTo72   system_stm32f10x.o
    0x080013fc   0x080013fc   0x00000002   Code   RO         3330    i.SysTick_Handler   stm32f10x_it.o
    0x080013fe   0x080013fe   0x00000002   PAD
    0x08001400   0x08001400   0x00000060   Code   RO           27    i.SystemInit        system_stm32f10x.o
    0x08001460   0x08001460   0x00000030   Code   RO         3220    i.TIM2_IRQHandler   timer.o
    0x08001490   0x08001490   0x00000048   Code   RO         3221    i.TIM3_IRQHandler   timer.o
    0x080014d8   0x080014d8   0x00000006   Code   RO         2415    i.TIM_ClearFlag     stm32f10x_tim.o
    0x080014de   0x080014de   0x00000006   Code   RO         2416    i.TIM_ClearITPendingBit  stm32f10x_tim.o
    0x080014e4   0x080014e4   0x00000018   Code   RO         2421    i.TIM_Cmd           stm32f10x_tim.o
    0x080014fc   0x080014fc   0x00000022   Code   RO         2442    i.TIM_GetITStatus   stm32f10x_tim.o
    0x0800151e   0x0800151e   0x00000012   Code   RO         2446    i.TIM_ITConfig      stm32f10x_tim.o
    0x08001530   0x08001530   0x0000000c   Code   RO         2448    i.TIM_InternalClockConfig  stm32f10x_tim.o
    0x0800153c   0x0800153c   0x000000a4   Code   RO         2492    i.TIM_TimeBaseInit  stm32f10x_tim.o
    0x080015e0   0x080015e0   0x0000007c   Code   RO         3222    i.Timer2_Init       timer.o
    0x0800165c   0x0800165c   0x000000a0   Code   RO         3501    i.UART_Init         uart.o
    0x080016fc   0x080016fc   0x00000020   Code   RO         3503    i.UART_SendByte     uart.o
    0x0800171c   0x0800171c   0x00000016   Code   RO         3504    i.UART_SendString   uart.o
    0x08001732   0x08001732   0x00000002   PAD
    0x08001734   0x08001734   0x00000058   Code   RO         3505    i.USART1_IRQHandler  uart.o
    0x0800178c   0x0800178c   0x00000018   Code   RO         2960    i.USART_Cmd         stm32f10x_usart.o
    0x080017a4   0x080017a4   0x0000001a   Code   RO         2963    i.USART_GetFlagStatus  stm32f10x_usart.o
    0x080017be   0x080017be   0x00000054   Code   RO         2964    i.USART_GetITStatus  stm32f10x_usart.o
    0x08001812   0x08001812   0x0000004a   Code   RO         2966    i.USART_ITConfig    stm32f10x_usart.o
    0x0800185c   0x0800185c   0x000000d8   Code   RO         2967    i.USART_Init        stm32f10x_usart.o
    0x08001934   0x08001934   0x0000000a   Code   RO         2974    i.USART_ReceiveData  stm32f10x_usart.o
    0x0800193e   0x0800193e   0x00000008   Code   RO         2977    i.USART_SendData    stm32f10x_usart.o
    0x08001946   0x08001946   0x00000002   PAD
    0x08001948   0x08001948   0x00000028   Code   RO         3388    i.USB_LP_CAN1_RX0_IRQHandler  can.o
    0x08001970   0x08001970   0x00000004   Code   RO         3331    i.UsageFault_Handler  stm32f10x_it.o
    0x08001974   0x08001974   0x0000000e   Code   RO         3585    i.__scatterload_copy  mc_w.l(handlers.o)
    0x08001982   0x08001982   0x00000002   Code   RO         3586    i.__scatterload_null  mc_w.l(handlers.o)
    0x08001984   0x08001984   0x0000000e   Code   RO         3587    i.__scatterload_zeroinit  mc_w.l(handlers.o)
    0x08001992   0x08001992   0x00000002   PAD
    0x08001994   0x08001994   0x00000024   Code   RO         3389    i.canCRC_ATM        can.o
    0x080019b8   0x080019b8   0x00000054   Code   RO         3429    i.main              main_communication_test.o
    0x08001a0c   0x08001a0c   0x0000000c   Code   RO         3224    i.millis            timer.o
    0x08001a18   0x08001a18   0x00000018   Code   RO         3430    i.runFail           main_communication_test.o
    0x08001a30   0x08001a30   0x00000040   Code   RO         3431    i.sendCommand       main_communication_test.o
    0x08001a70   0x08001a70   0x00000070   Code   RO         3432    i.waitingForACK     main_communication_test.o
    0x08001ae0   0x08001ae0   0x00000040   Data   RO         3581    .constdata          mc_w.l(ctype_c.o)
    0x08001b20   0x08001b20   0x00000020   Data   RO         3583    Region$$Table       anon$$obj.o


    Execution Region RW_IRAM1 (Exec base: 0x20000000, Load base: 0x08001b40, Size: 0x000004b0, Max: 0x00005000, ABSOLUTE)

    Exec Addr    Load Addr    Size         Type   Attr      Idx    E Section Name        Object

    0x20000000   0x08001b40   0x00000014   Data   RW         1805    .data               stm32f10x_rcc.o
    0x20000014   0x08001b54   0x00000004   PAD
    0x20000018   0x08001b58   0x00000008   Data   RW         3225    .data               timer.o
    0x20000020   0x08001b60   0x00000001   Data   RW         3298    .data               mkspulse.o
    0x20000021   0x08001b61   0x00000001   PAD
    0x20000022   0x08001b62   0x00000003   Data   RW         3391    .data               can.o
    0x20000025   0x08001b65   0x00000003   PAD
    0x20000028   0x08001b68   0x00000019   Data   RW         3434    .data               main_communication_test.o
    0x20000041   0x08001b81   0x00000003   PAD
    0x20000044   0x08001b84   0x00000004   Data   RW         3507    .data               uart.o
    0x20000048        -       0x00000028   Zero   RW         3390    .bss                can.o
    0x20000070        -       0x00000040   Zero   RW         3506    .bss                uart.o
    0x200000b0        -       0x00000400   Zero   RW            1    STACK               startup_stm32f10x_md.o


==============================================================================

Image component sizes


      Code (inc. data)   RO Data    RW Data    ZI Data      Debug   Object Name

       380         38          0          3         40       3333   can.o
         0          0          0          0          0       4532   core_cm3.o
        70          0          0          0          0        898   delay.o
       136         22          0          0          0       1675   led.o
       726        122          0         25          0       5268   main_communication_test.o
       132         22          0          0          0     212903   misc.o
         0          0          0          1          0        208   mkspulse.o
        36          8        236          0       1024        800   startup_stm32f10x_md.o
         0          0          0          0          0       1644   stm32f10x_adc.o
      1292         12          0          0          0      13309   stm32f10x_can.o
       448          6          0          0          0      12483   stm32f10x_gpio.o
        26          0          0          0          0       3602   stm32f10x_it.o
       276         32          0         20          0      12878   stm32f10x_rcc.o
       264         42          0          0          0      24488   stm32f10x_tim.o
       442          6          0          0          0      11749   stm32f10x_usart.o
       328         28          0          0          0      45097   system_stm32f10x.o
       256         22          0          8          0       2287   timer.o
       302         26          0          4         64       2603   uart.o

    ----------------------------------------------------------------------
      5128        386        268         72       1128     359757   Object Totals
         0          0         32          0          0          0   (incl. Generated)
        14          0          0         11          0          0   (incl. Padding)

    ----------------------------------------------------------------------

      Code (inc. data)   RO Data    RW Data    ZI Data      Debug   Library Member Name

        56          8          0          0          0         84   __0sscanf.o
        28          0          0          0          0         68   _chval.o
       816          6          0          0          0        112   _scanf.o
       332          0          0          0          0         96   _scanf_int.o
        64          0          0          0          0         84   _sgetc.o
        40          6         64          0          0         68   ctype_c.o
         0          0          0          0          0          0   entry.o
         0          0          0          0          0          0   entry10a.o
         0          0          0          0          0          0   entry11a.o
         4          0          0          0          0          0   entry12b.o
         8          4          0          0          0          0   entry2.o
         4          0          0          0          0          0   entry5.o
         0          0          0          0          0          0   entry7b.o
         0          0          0          0          0          0   entry8b.o
         8          4          0          0          0          0   entry9a.o
        30          0          0          0          0          0   handlers.o
        36          8          0          0          0         68   init.o
        10          0          0          0          0         68   isspace_c.o
        36          0          0          0          0         68   memcpya.o
        40          8          0          0          0         84   scanf_char.o

    ----------------------------------------------------------------------
      1516         44         64          0          0        800   Library Totals
         4          0          0          0          0          0   (incl. Padding)

    ----------------------------------------------------------------------

      Code (inc. data)   RO Data    RW Data    ZI Data      Debug   Library Name

      1512         44         64          0          0        800   mc_w.l

    ----------------------------------------------------------------------
      1516         44         64          0          0        800   Library Totals

    ----------------------------------------------------------------------

==============================================================================


      Code (inc. data)   RO Data    RW Data    ZI Data      Debug   

      6644        430        332         72       1128     357017   Grand Totals
      6644        430        332         72       1128     357017   ELF Image Totals
      6644        430        332         72          0          0   ROM Totals

==============================================================================

    Total RO  Size (Code + RO Data)                 6976 (   6.81kB)
    Total RW  Size (RW Data + ZI Data)              1200 (   1.17kB)
    Total ROM Size (Code + RO Data + RW Data)       7048 (   6.88kB)

==============================================================================

